Archive member included because of file (symbol)

d:/quartus/nios2eds/bin/gnu/h-i686-mingw32/bin/../lib/gcc/nios2-elf/4.1.2/../../../../nios2-elf/lib/mno-hw-mul\libsmallc.a(lib_a-printf.o)
                              obj/default/hello_world.o (printf)
d:/quartus/nios2eds/bin/gnu/h-i686-mingw32/bin/../lib/gcc/nios2-elf/4.1.2/../../../../nios2-elf/lib/mno-hw-mul\libsmallc.a(lib_a-putchar.o)
                              obj/default/hello_world.o (putchar)
d:/quartus/nios2eds/bin/gnu/h-i686-mingw32/bin/../lib/gcc/nios2-elf/4.1.2/../../../../nios2-elf/lib/mno-hw-mul\libsmallc.a(lib_a-puts.o)
                              obj/default/hello_world.o (puts)
d:/quartus/nios2eds/bin/gnu/h-i686-mingw32/bin/../lib/gcc/nios2-elf/4.1.2/../../../../nios2-elf/lib/mno-hw-mul\libsmallc.a(lib_a-strlen.o)
                              d:/quartus/nios2eds/bin/gnu/h-i686-mingw32/bin/../lib/gcc/nios2-elf/4.1.2/../../../../nios2-elf/lib/mno-hw-mul\libsmallc.a(lib_a-puts.o) (strlen)
d:/quartus/nios2eds/bin/gnu/h-i686-mingw32/bin/../lib/gcc/nios2-elf/4.1.2/../../../../nios2-elf/lib/mno-hw-mul\libsmallc.a(lib_a-vfprintf.o)
                              d:/quartus/nios2eds/bin/gnu/h-i686-mingw32/bin/../lib/gcc/nios2-elf/4.1.2/../../../../nios2-elf/lib/mno-hw-mul\libsmallc.a(lib_a-printf.o) (___vfprintf_internal_r)
d:/quartus/nios2eds/bin/gnu/h-i686-mingw32/bin/../lib/gcc/nios2-elf/4.1.2/../../../../nios2-elf/lib/mno-hw-mul\libsmallc.a(lib_a-fvwrite_small_dev.o)
                              d:/quartus/nios2eds/bin/gnu/h-i686-mingw32/bin/../lib/gcc/nios2-elf/4.1.2/../../../../nios2-elf/lib/mno-hw-mul\libsmallc.a(lib_a-printf.o) (__sfvwrite_small_dev)
d:/quartus/nios2eds/bin/gnu/h-i686-mingw32/bin/../lib/gcc/nios2-elf/4.1.2/../../../../nios2-elf/lib/mno-hw-mul\libsmallc.a(lib_a-impure.o)
                              d:/quartus/nios2eds/bin/gnu/h-i686-mingw32/bin/../lib/gcc/nios2-elf/4.1.2/../../../../nios2-elf/lib/mno-hw-mul\libsmallc.a(lib_a-printf.o) (_impure_ptr)
d:/quartus/nios2eds/bin/gnu/h-i686-mingw32/bin/../lib/gcc/nios2-elf/4.1.2/../../../../nios2-elf/lib/mno-hw-mul\libsmallc.a(lib_a-putc.o)
                              d:/quartus/nios2eds/bin/gnu/h-i686-mingw32/bin/../lib/gcc/nios2-elf/4.1.2/../../../../nios2-elf/lib/mno-hw-mul\libsmallc.a(lib_a-putchar.o) (_putc_r)
d:/quartus/nios2eds/bin/gnu/h-i686-mingw32/bin/../lib/gcc/nios2-elf/4.1.2/../../../../nios2-elf/lib/mno-hw-mul\libsmallc.a(lib_a-writer.o)
                              d:/quartus/nios2eds/bin/gnu/h-i686-mingw32/bin/../lib/gcc/nios2-elf/4.1.2/../../../../nios2-elf/lib/mno-hw-mul\libsmallc.a(lib_a-fvwrite_small_dev.o) (_write_r)
d:/quartus/nios2eds/bin/gnu/h-i686-mingw32/bin/../lib/gcc/nios2-elf/4.1.2/../../../../nios2-elf/lib/mno-hw-mul\libsmallc.a(lib_a-int_errno.o)
                              d:/quartus/nios2eds/bin/gnu/h-i686-mingw32/bin/../lib/gcc/nios2-elf/4.1.2/../../../../nios2-elf/lib/mno-hw-mul\libsmallc.a(lib_a-writer.o) (errno)
d:/quartus/nios2eds/bin/gnu/h-i686-mingw32/bin/../lib/gcc/nios2-elf/4.1.2/mno-hw-mul\libgcc.a(lib2-divmod.o)
                              d:/quartus/nios2eds/bin/gnu/h-i686-mingw32/bin/../lib/gcc/nios2-elf/4.1.2/../../../../nios2-elf/lib/mno-hw-mul\libsmallc.a(lib_a-vfprintf.o) (__udivsi3)
d:/quartus/nios2eds/bin/gnu/h-i686-mingw32/bin/../lib/gcc/nios2-elf/4.1.2/mno-hw-mul\libgcc.a(lib2-mul.o)
                              d:/quartus/nios2eds/bin/gnu/h-i686-mingw32/bin/../lib/gcc/nios2-elf/4.1.2/../../../../nios2-elf/lib/mno-hw-mul\libsmallc.a(lib_a-vfprintf.o) (__mulsi3)
../sha256_bsp/\libhal_bsp.a(alt_load.o)
                              ../sha256_bsp//obj/HAL/src/crt0.o (alt_load)
../sha256_bsp/\libhal_bsp.a(alt_main.o)
                              ../sha256_bsp//obj/HAL/src/crt0.o (alt_main)
../sha256_bsp/\libhal_bsp.a(alt_write.o)
                              d:/quartus/nios2eds/bin/gnu/h-i686-mingw32/bin/../lib/gcc/nios2-elf/4.1.2/../../../../nios2-elf/lib/mno-hw-mul\libsmallc.a(lib_a-writer.o) (write)
../sha256_bsp/\libhal_bsp.a(alt_sys_init.o)
                              ../sha256_bsp/\libhal_bsp.a(alt_main.o) (alt_irq_init)
../sha256_bsp/\libhal_bsp.a(altera_avalon_jtag_uart_fd.o)
                              ../sha256_bsp/\libhal_bsp.a(alt_sys_init.o) (altera_avalon_jtag_uart_read_fd)
../sha256_bsp/\libhal_bsp.a(altera_avalon_jtag_uart_read.o)
                              ../sha256_bsp/\libhal_bsp.a(altera_avalon_jtag_uart_fd.o) (altera_avalon_jtag_uart_read)
../sha256_bsp/\libhal_bsp.a(altera_avalon_jtag_uart_write.o)
                              ../sha256_bsp/\libhal_bsp.a(altera_avalon_jtag_uart_fd.o) (altera_avalon_jtag_uart_write)
../sha256_bsp/\libhal_bsp.a(alt_close.o)
                              ../sha256_bsp/\libhal_bsp.a(alt_main.o) (close)
../sha256_bsp/\libhal_bsp.a(alt_dcache_flush_all.o)
                              ../sha256_bsp/\libhal_bsp.a(alt_load.o) (alt_dcache_flush_all)
../sha256_bsp/\libhal_bsp.a(alt_dev.o)
                              ../sha256_bsp/\libhal_bsp.a(alt_sys_init.o) (alt_dev_list)
../sha256_bsp/\libhal_bsp.a(alt_dev_llist_insert.o)
                              ../sha256_bsp/\libhal_bsp.a(alt_sys_init.o) (alt_dev_llist_insert)
../sha256_bsp/\libhal_bsp.a(alt_do_ctors.o)
                              ../sha256_bsp/\libhal_bsp.a(alt_main.o) (_do_ctors)
../sha256_bsp/\libhal_bsp.a(alt_do_dtors.o)
                              ../sha256_bsp/\libhal_bsp.a(alt_main.o) (_do_dtors)
../sha256_bsp/\libhal_bsp.a(alt_errno.o)
                              ../sha256_bsp/\libhal_bsp.a(alt_write.o) (alt_errno)
../sha256_bsp/\libhal_bsp.a(alt_icache_flush_all.o)
                              ../sha256_bsp/\libhal_bsp.a(alt_load.o) (alt_icache_flush_all)
../sha256_bsp/\libhal_bsp.a(alt_io_redirect.o)
                              ../sha256_bsp/\libhal_bsp.a(alt_main.o) (alt_io_redirect)
../sha256_bsp/\libhal_bsp.a(alt_open.o)
                              ../sha256_bsp/\libhal_bsp.a(alt_io_redirect.o) (open)
../sha256_bsp/\libhal_bsp.a(alt_release_fd.o)
                              ../sha256_bsp/\libhal_bsp.a(alt_close.o) (alt_release_fd)
../sha256_bsp/\libhal_bsp.a(altera_nios2_qsys_irq.o)
                              ../sha256_bsp/\libhal_bsp.a(alt_sys_init.o) (altera_nios2_qsys_irq_init)
../sha256_bsp/\libhal_bsp.a(alt_find_dev.o)
                              ../sha256_bsp/\libhal_bsp.a(alt_open.o) (alt_find_dev)
../sha256_bsp/\libhal_bsp.a(alt_find_file.o)
                              ../sha256_bsp/\libhal_bsp.a(alt_open.o) (alt_find_file)
../sha256_bsp/\libhal_bsp.a(alt_get_fd.o)
                              ../sha256_bsp/\libhal_bsp.a(alt_open.o) (alt_get_fd)
d:/quartus/nios2eds/bin/gnu/h-i686-mingw32/bin/../lib/gcc/nios2-elf/4.1.2/../../../../nios2-elf/lib/mno-hw-mul\libsmallc.a(lib_a-atexit.o)
                              ../sha256_bsp/\libhal_bsp.a(alt_main.o) (atexit)
d:/quartus/nios2eds/bin/gnu/h-i686-mingw32/bin/../lib/gcc/nios2-elf/4.1.2/../../../../nios2-elf/lib/mno-hw-mul\libsmallc.a(lib_a-exit.o)
                              ../sha256_bsp/\libhal_bsp.a(alt_main.o) (exit)
d:/quartus/nios2eds/bin/gnu/h-i686-mingw32/bin/../lib/gcc/nios2-elf/4.1.2/../../../../nios2-elf/lib/mno-hw-mul\libsmallc.a(lib_a-memcmp.o)
                              ../sha256_bsp/\libhal_bsp.a(alt_find_dev.o) (memcmp)
d:/quartus/nios2eds/bin/gnu/h-i686-mingw32/bin/../lib/gcc/nios2-elf/4.1.2/../../../../nios2-elf/lib/mno-hw-mul\libsmallc.a(lib_a-__atexit.o)
                              d:/quartus/nios2eds/bin/gnu/h-i686-mingw32/bin/../lib/gcc/nios2-elf/4.1.2/../../../../nios2-elf/lib/mno-hw-mul\libsmallc.a(lib_a-atexit.o) (__register_exitproc)
d:/quartus/nios2eds/bin/gnu/h-i686-mingw32/bin/../lib/gcc/nios2-elf/4.1.2/../../../../nios2-elf/lib/mno-hw-mul\libsmallc.a(lib_a-__call_atexit.o)
                              d:/quartus/nios2eds/bin/gnu/h-i686-mingw32/bin/../lib/gcc/nios2-elf/4.1.2/../../../../nios2-elf/lib/mno-hw-mul\libsmallc.a(lib_a-exit.o) (__call_exitprocs)
../sha256_bsp/\libhal_bsp.a(alt_exit.o)
                              d:/quartus/nios2eds/bin/gnu/h-i686-mingw32/bin/../lib/gcc/nios2-elf/4.1.2/../../../../nios2-elf/lib/mno-hw-mul\libsmallc.a(lib_a-exit.o) (_exit)

Allocating common symbols
Common symbol       size              file

errno               0x4               d:/quartus/nios2eds/bin/gnu/h-i686-mingw32/bin/../lib/gcc/nios2-elf/4.1.2/../../../../nios2-elf/lib/mno-hw-mul\libsmallc.a(lib_a-int_errno.o)
_atexit0            0x8c              d:/quartus/nios2eds/bin/gnu/h-i686-mingw32/bin/../lib/gcc/nios2-elf/4.1.2/../../../../nios2-elf/lib/mno-hw-mul\libsmallc.a(lib_a-atexit.o)

Memory Configuration

Name             Origin             Length             Attributes
reset            0x00008000         0x00000020
onchip_memory2_0 0x00008020         0x00007fe0
*default*        0x00000000         0xffffffff

Linker script and memory map

LOAD ../sha256_bsp//obj/HAL/src/crt0.o
LOAD obj/default/hello_world.o
LOAD d:/quartus/nios2eds/bin/gnu/h-i686-mingw32/bin/../lib/gcc/nios2-elf/4.1.2/../../../../nios2-elf/lib/mno-hw-mul\libstdc++.a
LOAD d:/quartus/nios2eds/bin/gnu/h-i686-mingw32/bin/../lib/gcc/nios2-elf/4.1.2/../../../../nios2-elf/lib/mno-hw-mul\libm.a
LOAD d:/quartus/nios2eds/bin/gnu/h-i686-mingw32/bin/../lib/gcc/nios2-elf/4.1.2/mno-hw-mul\libgcc.a
START GROUP
LOAD d:/quartus/nios2eds/bin/gnu/h-i686-mingw32/bin/../lib/gcc/nios2-elf/4.1.2/../../../../nios2-elf/lib/mno-hw-mul\libsmallc.a
LOAD d:/quartus/nios2eds/bin/gnu/h-i686-mingw32/bin/../lib/gcc/nios2-elf/4.1.2/mno-hw-mul\libgcc.a
LOAD ../sha256_bsp/\libhal_bsp.a
END GROUP
LOAD d:/quartus/nios2eds/bin/gnu/h-i686-mingw32/bin/../lib/gcc/nios2-elf/4.1.2/mno-hw-mul\libgcc.a
                0x00008000                __alt_mem_onchip_memory2_0 = 0x8000

.entry          0x00008000       0x20
 *(.entry)
 .entry         0x00008000       0x20 ../sha256_bsp//obj/HAL/src/crt0.o
                0x00008000                __reset

.exceptions     0x00008020        0x0
                0x00008020                PROVIDE (__ram_exceptions_start, ABSOLUTE (.))
                0x00008020                . = ALIGN (0x20)
 *(.irq)
 *(.exceptions.entry.label)
 *(.exceptions.entry.user)
 *(.exceptions.entry)
 *(.exceptions.irqtest.user)
 *(.exceptions.irqtest)
 *(.exceptions.irqhandler.user)
 *(.exceptions.irqhandler)
 *(.exceptions.irqreturn.user)
 *(.exceptions.irqreturn)
 *(.exceptions.notirq.label)
 *(.exceptions.notirq.user)
 *(.exceptions.notirq)
 *(.exceptions.soft.user)
 *(.exceptions.soft)
 *(.exceptions.unknown.user)
 *(.exceptions.unknown)
 *(.exceptions.exit.label)
 *(.exceptions.exit.user)
 *(.exceptions.exit)
 *(.exceptions)
                0x00008020                PROVIDE (__ram_exceptions_end, ABSOLUTE (.))
                0x00008020                PROVIDE (__flash_exceptions_start, LOADADDR (.exceptions))

.text           0x00008020     0x2488
                0x00008020                PROVIDE (stext, ABSOLUTE (.))
 *(.interp)
 *(.hash)
 *(.dynsym)
 *(.dynstr)
 *(.gnu.version)
 *(.gnu.version_d)
 *(.gnu.version_r)
 *(.rel.init)
 *(.rela.init)
 *(.rel.text .rel.text.* .rel.gnu.linkonce.t.*)
 *(.rela.text .rela.text.* .rela.gnu.linkonce.t.*)
 *(.rel.fini)
 *(.rela.fini)
 *(.rel.rodata .rel.rodata.* .rel.gnu.linkonce.r.*)
 *(.rela.rodata .rela.rodata.* .rela.gnu.linkonce.r.*)
 *(.rel.data .rel.data.* .rel.gnu.linkonce.d.*)
 *(.rela.data .rela.data.* .rela.gnu.linkonce.d.*)
 *(.rel.tdata .rel.tdata.* .rel.gnu.linkonce.td.*)
 *(.rela.tdata .rela.tdata.* .rela.gnu.linkonce.td.*)
 *(.rel.tbss .rel.tbss.* .rel.gnu.linkonce.tb.*)
 *(.rela.tbss .rela.tbss.* .rela.gnu.linkonce.tb.*)
 *(.rel.ctors)
 *(.rela.ctors)
 *(.rel.dtors)
 *(.rela.dtors)
 *(.rel.got)
 *(.rela.got)
 *(.rel.sdata .rel.sdata.* .rel.gnu.linkonce.s.*)
 *(.rela.sdata .rela.sdata.* .rela.gnu.linkonce.s.*)
 *(.rel.sbss .rel.sbss.* .rel.gnu.linkonce.sb.*)
 *(.rela.sbss .rela.sbss.* .rela.gnu.linkonce.sb.*)
 *(.rel.sdata2 .rel.sdata2.* .rel.gnu.linkonce.s2.*)
 *(.rela.sdata2 .rela.sdata2.* .rela.gnu.linkonce.s2.*)
 *(.rel.sbss2 .rel.sbss2.* .rel.gnu.linkonce.sb2.*)
 *(.rela.sbss2 .rela.sbss2.* .rela.gnu.linkonce.sb2.*)
 *(.rel.bss .rel.bss.* .rel.gnu.linkonce.b.*)
 *(.rela.bss .rela.bss.* .rela.gnu.linkonce.b.*)
 *(.rel.plt)
 *(.rela.plt)
 *(.rel.dyn)
 *(.init)
 *(.plt)
 *(.text .stub .text.* .gnu.linkonce.t.*)
 .text          0x00008020       0x3c ../sha256_bsp//obj/HAL/src/crt0.o
                0x00008020                _start
 .text          0x0000805c      0x330 obj/default/hello_world.o
                0x0000805c                print_sha256_hash
                0x000080e0                calculate_sha256_hw
                0x00008314                main
 .text          0x0000838c       0x98 d:/quartus/nios2eds/bin/gnu/h-i686-mingw32/bin/../lib/gcc/nios2-elf/4.1.2/../../../../nios2-elf/lib/mno-hw-mul\libsmallc.a(lib_a-printf.o)
                0x0000838c                printf
                0x000083e0                _printf_r
 .text          0x00008424       0x24 d:/quartus/nios2eds/bin/gnu/h-i686-mingw32/bin/../lib/gcc/nios2-elf/4.1.2/../../../../nios2-elf/lib/mno-hw-mul\libsmallc.a(lib_a-putchar.o)
                0x00008424                putchar
                0x00008440                _putchar_r
 .text          0x00008448       0xa4 d:/quartus/nios2eds/bin/gnu/h-i686-mingw32/bin/../lib/gcc/nios2-elf/4.1.2/../../../../nios2-elf/lib/mno-hw-mul\libsmallc.a(lib_a-puts.o)
                0x00008448                _puts_r
                0x000084d8                puts
 .text          0x000084ec       0x20 d:/quartus/nios2eds/bin/gnu/h-i686-mingw32/bin/../lib/gcc/nios2-elf/4.1.2/../../../../nios2-elf/lib/mno-hw-mul\libsmallc.a(lib_a-strlen.o)
                0x000084ec                strlen
 .text          0x0000850c      0x740 d:/quartus/nios2eds/bin/gnu/h-i686-mingw32/bin/../lib/gcc/nios2-elf/4.1.2/../../../../nios2-elf/lib/mno-hw-mul\libsmallc.a(lib_a-vfprintf.o)
                0x0000858c                ___vfprintf_internal_r
                0x00008c28                __vfprintf_internal
 .text          0x00008c4c       0xbc d:/quartus/nios2eds/bin/gnu/h-i686-mingw32/bin/../lib/gcc/nios2-elf/4.1.2/../../../../nios2-elf/lib/mno-hw-mul\libsmallc.a(lib_a-fvwrite_small_dev.o)
                0x00008c4c                __sfvwrite_small_dev
 .text          0x00008d08        0x0 d:/quartus/nios2eds/bin/gnu/h-i686-mingw32/bin/../lib/gcc/nios2-elf/4.1.2/../../../../nios2-elf/lib/mno-hw-mul\libsmallc.a(lib_a-impure.o)
 .text          0x00008d08       0xe4 d:/quartus/nios2eds/bin/gnu/h-i686-mingw32/bin/../lib/gcc/nios2-elf/4.1.2/../../../../nios2-elf/lib/mno-hw-mul\libsmallc.a(lib_a-putc.o)
                0x00008d08                putc
                0x00008d78                _putc_r
 .text          0x00008dec       0x78 d:/quartus/nios2eds/bin/gnu/h-i686-mingw32/bin/../lib/gcc/nios2-elf/4.1.2/../../../../nios2-elf/lib/mno-hw-mul\libsmallc.a(lib_a-writer.o)
                0x00008dec                _write_r
 .text          0x00008e64        0x0 d:/quartus/nios2eds/bin/gnu/h-i686-mingw32/bin/../lib/gcc/nios2-elf/4.1.2/../../../../nios2-elf/lib/mno-hw-mul\libsmallc.a(lib_a-int_errno.o)
 .text          0x00008e64      0x14c d:/quartus/nios2eds/bin/gnu/h-i686-mingw32/bin/../lib/gcc/nios2-elf/4.1.2/mno-hw-mul\libgcc.a(lib2-divmod.o)
                0x00008ee0                __divsi3
                0x00008f40                __modsi3
                0x00008fa0                __udivsi3
                0x00008fa8                __umodsi3
 .text          0x00008fb0       0x38 d:/quartus/nios2eds/bin/gnu/h-i686-mingw32/bin/../lib/gcc/nios2-elf/4.1.2/mno-hw-mul\libgcc.a(lib2-mul.o)
                0x00008fb0                __mulsi3
 .text          0x00008fe8       0xec ../sha256_bsp/\libhal_bsp.a(alt_load.o)
                0x00008fe8                alt_load
 .text          0x000090d4       0x6c ../sha256_bsp/\libhal_bsp.a(alt_main.o)
                0x000090d4                alt_main
 .text          0x00009140      0x184 ../sha256_bsp/\libhal_bsp.a(alt_write.o)
                0x00009140                write
 .text          0x000092c4       0x9c ../sha256_bsp/\libhal_bsp.a(alt_sys_init.o)
                0x000092c4                alt_irq_init
                0x000092f8                alt_sys_init
 .text          0x00009360       0xb0 ../sha256_bsp/\libhal_bsp.a(altera_avalon_jtag_uart_fd.o)
                0x00009360                altera_avalon_jtag_uart_read_fd
                0x000093b8                altera_avalon_jtag_uart_write_fd
 .text          0x00009410      0x104 ../sha256_bsp/\libhal_bsp.a(altera_avalon_jtag_uart_read.o)
                0x00009410                altera_avalon_jtag_uart_read
 .text          0x00009514       0xa4 ../sha256_bsp/\libhal_bsp.a(altera_avalon_jtag_uart_write.o)
                0x00009514                altera_avalon_jtag_uart_write
 .text          0x000095b8      0x160 ../sha256_bsp/\libhal_bsp.a(alt_close.o)
                0x000095b8                close
 .text          0x00009718       0x1c ../sha256_bsp/\libhal_bsp.a(alt_dcache_flush_all.o)
                0x00009718                alt_dcache_flush_all
 .text          0x00009734       0x2c ../sha256_bsp/\libhal_bsp.a(alt_dev.o)
 .text          0x00009760      0x114 ../sha256_bsp/\libhal_bsp.a(alt_dev_llist_insert.o)
                0x00009760                alt_dev_llist_insert
 .text          0x00009874       0x64 ../sha256_bsp/\libhal_bsp.a(alt_do_ctors.o)
                0x00009874                _do_ctors
 .text          0x000098d8       0x64 ../sha256_bsp/\libhal_bsp.a(alt_do_dtors.o)
                0x000098d8                _do_dtors
 .text          0x0000993c        0x0 ../sha256_bsp/\libhal_bsp.a(alt_errno.o)
 .text          0x0000993c       0x1c ../sha256_bsp/\libhal_bsp.a(alt_icache_flush_all.o)
                0x0000993c                alt_icache_flush_all
 .text          0x00009958      0x150 ../sha256_bsp/\libhal_bsp.a(alt_io_redirect.o)
                0x00009a30                alt_io_redirect
 .text          0x00009aa8      0x2e4 ../sha256_bsp/\libhal_bsp.a(alt_open.o)
                0x00009ba0                open
 .text          0x00009d8c       0x78 ../sha256_bsp/\libhal_bsp.a(alt_release_fd.o)
                0x00009d8c                alt_release_fd
 .text          0x00009e04       0x20 ../sha256_bsp/\libhal_bsp.a(altera_nios2_qsys_irq.o)
                0x00009e04                altera_nios2_qsys_irq_init
 .text          0x00009e24       0x94 ../sha256_bsp/\libhal_bsp.a(alt_find_dev.o)
                0x00009e24                alt_find_dev
 .text          0x00009eb8      0x120 ../sha256_bsp/\libhal_bsp.a(alt_find_file.o)
                0x00009eb8                alt_find_file
 .text          0x00009fd8       0xd0 ../sha256_bsp/\libhal_bsp.a(alt_get_fd.o)
                0x00009fd8                alt_get_fd
 .text          0x0000a0a8       0x14 d:/quartus/nios2eds/bin/gnu/h-i686-mingw32/bin/../lib/gcc/nios2-elf/4.1.2/../../../../nios2-elf/lib/mno-hw-mul\libsmallc.a(lib_a-atexit.o)
                0x0000a0a8                atexit
 .text          0x0000a0bc       0x20 d:/quartus/nios2eds/bin/gnu/h-i686-mingw32/bin/../lib/gcc/nios2-elf/4.1.2/../../../../nios2-elf/lib/mno-hw-mul\libsmallc.a(lib_a-exit.o)
                0x0000a0bc                exit
 .text          0x0000a0dc       0x3c d:/quartus/nios2eds/bin/gnu/h-i686-mingw32/bin/../lib/gcc/nios2-elf/4.1.2/../../../../nios2-elf/lib/mno-hw-mul\libsmallc.a(lib_a-memcmp.o)
                0x0000a0dc                memcmp
 .text          0x0000a118      0x16c d:/quartus/nios2eds/bin/gnu/h-i686-mingw32/bin/../lib/gcc/nios2-elf/4.1.2/../../../../nios2-elf/lib/mno-hw-mul\libsmallc.a(lib_a-__atexit.o)
                0x0000a118                __register_exitproc
 .text          0x0000a284      0x1c0 d:/quartus/nios2eds/bin/gnu/h-i686-mingw32/bin/../lib/gcc/nios2-elf/4.1.2/../../../../nios2-elf/lib/mno-hw-mul\libsmallc.a(lib_a-__call_atexit.o)
                0x0000a288                __call_exitprocs
 .text          0x0000a444       0x60 ../sha256_bsp/\libhal_bsp.a(alt_exit.o)
                0x0000a484                _exit
 *(.gnu.warning.*)
 *(.fini)
                0x0000a4a4                PROVIDE (__etext, ABSOLUTE (.))
                0x0000a4a4                PROVIDE (_etext, ABSOLUTE (.))
                0x0000a4a4                PROVIDE (etext, ABSOLUTE (.))
 *(.eh_frame_hdr)
                0x0000a4a4                . = ALIGN (0x4)
                0x0000a4a4                PROVIDE (__preinit_array_start, ABSOLUTE (.))
 *(.preinit_array)
                0x0000a4a4                PROVIDE (__preinit_array_end, ABSOLUTE (.))
                0x0000a4a4                PROVIDE (__init_array_start, ABSOLUTE (.))
 *(.init_array)
                0x0000a4a4                PROVIDE (__init_array_end, ABSOLUTE (.))
                0x0000a4a4                PROVIDE (__fini_array_start, ABSOLUTE (.))
 *(.fini_array)
                0x0000a4a4                PROVIDE (__fini_array_end, ABSOLUTE (.))
 *(.eh_frame)
 *(.gcc_except_table)
 *(.dynamic)
                0x0000a4a4                PROVIDE (__CTOR_LIST__, ABSOLUTE (.))
 *(.ctors)
 *(SORT(.ctors.*))
 .ctors.65535   0x0000a4a4        0x4 d:/quartus/nios2eds/bin/gnu/h-i686-mingw32/bin/../lib/gcc/nios2-elf/4.1.2/../../../../nios2-elf/lib/mno-hw-mul\libsmallc.a(lib_a-__call_atexit.o)
                0x0000a4a8                PROVIDE (__CTOR_END__, ABSOLUTE (.))
                0x0000a4a8                PROVIDE (__DTOR_LIST__, ABSOLUTE (.))
 *(.dtors)
 *(SORT(.dtors.*))
                0x0000a4a8                PROVIDE (__DTOR_END__, ABSOLUTE (.))
 *(.jcr)
                0x0000a4a8                . = ALIGN (0x4)

.rodata         0x0000a4a8      0x2b8
                0x0000a4a8                PROVIDE (__ram_rodata_start, ABSOLUTE (.))
                0x0000a4a8                . = ALIGN (0x4)
 *(.rodata .rodata.* .gnu.linkonce.r.*)
 .rodata        0x0000a4a8      0x280 obj/default/hello_world.o
 .rodata.str1.4
                0x0000a728        0x4 d:/quartus/nios2eds/bin/gnu/h-i686-mingw32/bin/../lib/gcc/nios2-elf/4.1.2/../../../../nios2-elf/lib/mno-hw-mul\libsmallc.a(lib_a-puts.o)
 .rodata        0x0000a72c       0x14 ../sha256_bsp/\libhal_bsp.a(alt_main.o)
 .rodata        0x0000a740       0x14 ../sha256_bsp/\libhal_bsp.a(alt_sys_init.o)
 .rodata        0x0000a754        0xc ../sha256_bsp/\libhal_bsp.a(alt_dev.o)
 *(.rodata1)
                0x0000a760                . = ALIGN (0x4)
                0x0000a760                PROVIDE (__ram_rodata_end, ABSOLUTE (.))
                0x0000a4a8                PROVIDE (__flash_rodata_start, LOADADDR (.rodata))

.rwdata         0x0000a760      0x2d4 load address 0x0000aa34
                0x0000a760                PROVIDE (__ram_rwdata_start, ABSOLUTE (.))
                0x0000a760                . = ALIGN (0x4)
 *(.got.plt)
 *(.got)
 *(.data1)
 *(.data .data.* .gnu.linkonce.d.*)
 .data          0x0000a760        0x0 ../sha256_bsp//obj/HAL/src/crt0.o
 .data          0x0000a760        0x0 obj/default/hello_world.o
 .data          0x0000a760        0x0 d:/quartus/nios2eds/bin/gnu/h-i686-mingw32/bin/../lib/gcc/nios2-elf/4.1.2/../../../../nios2-elf/lib/mno-hw-mul\libsmallc.a(lib_a-printf.o)
 .data          0x0000a760        0x0 d:/quartus/nios2eds/bin/gnu/h-i686-mingw32/bin/../lib/gcc/nios2-elf/4.1.2/../../../../nios2-elf/lib/mno-hw-mul\libsmallc.a(lib_a-putchar.o)
 .data          0x0000a760        0x0 d:/quartus/nios2eds/bin/gnu/h-i686-mingw32/bin/../lib/gcc/nios2-elf/4.1.2/../../../../nios2-elf/lib/mno-hw-mul\libsmallc.a(lib_a-puts.o)
 .data          0x0000a760        0x0 d:/quartus/nios2eds/bin/gnu/h-i686-mingw32/bin/../lib/gcc/nios2-elf/4.1.2/../../../../nios2-elf/lib/mno-hw-mul\libsmallc.a(lib_a-strlen.o)
 .data          0x0000a760        0x0 d:/quartus/nios2eds/bin/gnu/h-i686-mingw32/bin/../lib/gcc/nios2-elf/4.1.2/../../../../nios2-elf/lib/mno-hw-mul\libsmallc.a(lib_a-vfprintf.o)
 .data          0x0000a760        0x0 d:/quartus/nios2eds/bin/gnu/h-i686-mingw32/bin/../lib/gcc/nios2-elf/4.1.2/../../../../nios2-elf/lib/mno-hw-mul\libsmallc.a(lib_a-fvwrite_small_dev.o)
 .data          0x0000a760       0xe0 d:/quartus/nios2eds/bin/gnu/h-i686-mingw32/bin/../lib/gcc/nios2-elf/4.1.2/../../../../nios2-elf/lib/mno-hw-mul\libsmallc.a(lib_a-impure.o)
 .data          0x0000a840        0x0 d:/quartus/nios2eds/bin/gnu/h-i686-mingw32/bin/../lib/gcc/nios2-elf/4.1.2/../../../../nios2-elf/lib/mno-hw-mul\libsmallc.a(lib_a-putc.o)
 .data          0x0000a840        0x0 d:/quartus/nios2eds/bin/gnu/h-i686-mingw32/bin/../lib/gcc/nios2-elf/4.1.2/../../../../nios2-elf/lib/mno-hw-mul\libsmallc.a(lib_a-writer.o)
 .data          0x0000a840        0x0 d:/quartus/nios2eds/bin/gnu/h-i686-mingw32/bin/../lib/gcc/nios2-elf/4.1.2/../../../../nios2-elf/lib/mno-hw-mul\libsmallc.a(lib_a-int_errno.o)
 .data          0x0000a840        0x0 d:/quartus/nios2eds/bin/gnu/h-i686-mingw32/bin/../lib/gcc/nios2-elf/4.1.2/mno-hw-mul\libgcc.a(lib2-divmod.o)
 .data          0x0000a840        0x0 d:/quartus/nios2eds/bin/gnu/h-i686-mingw32/bin/../lib/gcc/nios2-elf/4.1.2/mno-hw-mul\libgcc.a(lib2-mul.o)
 .data          0x0000a840        0x0 ../sha256_bsp/\libhal_bsp.a(alt_load.o)
 .data          0x0000a840        0x0 ../sha256_bsp/\libhal_bsp.a(alt_main.o)
 .data          0x0000a840        0x0 ../sha256_bsp/\libhal_bsp.a(alt_write.o)
 .data          0x0000a840       0x2c ../sha256_bsp/\libhal_bsp.a(alt_sys_init.o)
 .data          0x0000a86c        0x0 ../sha256_bsp/\libhal_bsp.a(altera_avalon_jtag_uart_fd.o)
 .data          0x0000a86c        0x0 ../sha256_bsp/\libhal_bsp.a(altera_avalon_jtag_uart_read.o)
 .data          0x0000a86c        0x0 ../sha256_bsp/\libhal_bsp.a(altera_avalon_jtag_uart_write.o)
 .data          0x0000a86c        0x0 ../sha256_bsp/\libhal_bsp.a(alt_close.o)
 .data          0x0000a86c        0x0 ../sha256_bsp/\libhal_bsp.a(alt_dcache_flush_all.o)
 .data          0x0000a86c      0x1a8 ../sha256_bsp/\libhal_bsp.a(alt_dev.o)
                0x0000a86c                alt_dev_null
                0x0000a894                alt_fd_list
 .data          0x0000aa14        0x0 ../sha256_bsp/\libhal_bsp.a(alt_dev_llist_insert.o)
 .data          0x0000aa14        0x0 ../sha256_bsp/\libhal_bsp.a(alt_do_ctors.o)
 .data          0x0000aa14        0x0 ../sha256_bsp/\libhal_bsp.a(alt_do_dtors.o)
 .data          0x0000aa14        0x0 ../sha256_bsp/\libhal_bsp.a(alt_errno.o)
 .data          0x0000aa14        0x0 ../sha256_bsp/\libhal_bsp.a(alt_icache_flush_all.o)
 .data          0x0000aa14        0x0 ../sha256_bsp/\libhal_bsp.a(alt_io_redirect.o)
 .data          0x0000aa14        0x0 ../sha256_bsp/\libhal_bsp.a(alt_open.o)
 .data          0x0000aa14        0x0 ../sha256_bsp/\libhal_bsp.a(alt_release_fd.o)
 .data          0x0000aa14        0x0 ../sha256_bsp/\libhal_bsp.a(altera_nios2_qsys_irq.o)
 .data          0x0000aa14        0x0 ../sha256_bsp/\libhal_bsp.a(alt_find_dev.o)
 .data          0x0000aa14        0x0 ../sha256_bsp/\libhal_bsp.a(alt_find_file.o)
 .data          0x0000aa14        0x0 ../sha256_bsp/\libhal_bsp.a(alt_get_fd.o)
 .data          0x0000aa14        0x0 d:/quartus/nios2eds/bin/gnu/h-i686-mingw32/bin/../lib/gcc/nios2-elf/4.1.2/../../../../nios2-elf/lib/mno-hw-mul\libsmallc.a(lib_a-atexit.o)
 .data          0x0000aa14        0x0 d:/quartus/nios2eds/bin/gnu/h-i686-mingw32/bin/../lib/gcc/nios2-elf/4.1.2/../../../../nios2-elf/lib/mno-hw-mul\libsmallc.a(lib_a-exit.o)
 .data          0x0000aa14        0x0 d:/quartus/nios2eds/bin/gnu/h-i686-mingw32/bin/../lib/gcc/nios2-elf/4.1.2/../../../../nios2-elf/lib/mno-hw-mul\libsmallc.a(lib_a-memcmp.o)
 .data          0x0000aa14        0x0 d:/quartus/nios2eds/bin/gnu/h-i686-mingw32/bin/../lib/gcc/nios2-elf/4.1.2/../../../../nios2-elf/lib/mno-hw-mul\libsmallc.a(lib_a-__atexit.o)
 .data          0x0000aa14        0x0 d:/quartus/nios2eds/bin/gnu/h-i686-mingw32/bin/../lib/gcc/nios2-elf/4.1.2/../../../../nios2-elf/lib/mno-hw-mul\libsmallc.a(lib_a-__call_atexit.o)
 .data          0x0000aa14        0x0 ../sha256_bsp/\libhal_bsp.a(alt_exit.o)
                0x00012a14                _gp = ABSOLUTE ((. + 0x8000))
                0x00012a14                PROVIDE (gp, _gp)
 *(.rwdata .rwdata.*)
 *(.sdata .sdata.* .gnu.linkonce.s.*)
 .sdata         0x0000aa14        0x8 d:/quartus/nios2eds/bin/gnu/h-i686-mingw32/bin/../lib/gcc/nios2-elf/4.1.2/../../../../nios2-elf/lib/mno-hw-mul\libsmallc.a(lib_a-impure.o)
                0x0000aa14                _impure_ptr
                0x0000aa18                _global_impure_ptr
 .sdata         0x0000aa1c       0x14 ../sha256_bsp/\libhal_bsp.a(alt_dev.o)
                0x0000aa1c                alt_fs_list
                0x0000aa24                alt_dev_list
                0x0000aa2c                alt_max_fd
 .sdata         0x0000aa30        0x4 ../sha256_bsp/\libhal_bsp.a(alt_errno.o)
                0x0000aa30                alt_errno
 *(.sdata2 .sdata2.* .gnu.linkonce.s2.*)
                0x0000aa34                . = ALIGN (0x4)
                0x0000aa34                _edata = ABSOLUTE (.)
                0x0000aa34                PROVIDE (edata, ABSOLUTE (.))
                0x0000aa34                PROVIDE (__ram_rwdata_end, ABSOLUTE (.))
                0x0000aa34                PROVIDE (__flash_rwdata_start, LOADADDR (.rwdata))

.bss            0x0000ad08       0x9c
                0x0000ad08                __bss_start = ABSOLUTE (.)
                0x0000ad08                PROVIDE (__sbss_start, ABSOLUTE (.))
                0x0000ad08                PROVIDE (___sbss_start, ABSOLUTE (.))
 *(.dynsbss)
 *(.sbss .sbss.* .gnu.linkonce.sb.*)
 .sbss          0x0000ad08        0x4 d:/quartus/nios2eds/bin/gnu/h-i686-mingw32/bin/../lib/gcc/nios2-elf/4.1.2/../../../../nios2-elf/lib/mno-hw-mul\libsmallc.a(lib_a-int_errno.o)
                0x0000ad08                errno
 .sbss          0x0000ad0c        0xc ../sha256_bsp/\libhal_bsp.a(alt_main.o)
                0x0000ad0c                alt_argc
                0x0000ad10                alt_argv
                0x0000ad14                alt_envp
 *(.sbss2 .sbss2.* .gnu.linkonce.sb2.*)
 *(.scommon)
                0x0000ad18                PROVIDE (__sbss_end, ABSOLUTE (.))
                0x0000ad18                PROVIDE (___sbss_end, ABSOLUTE (.))
 *(.dynbss)
 *(.bss .bss.* .gnu.linkonce.b.*)
 .bss           0x0000ad18        0x0 ../sha256_bsp//obj/HAL/src/crt0.o
 .bss           0x0000ad18        0x0 obj/default/hello_world.o
 .bss           0x0000ad18        0x0 d:/quartus/nios2eds/bin/gnu/h-i686-mingw32/bin/../lib/gcc/nios2-elf/4.1.2/../../../../nios2-elf/lib/mno-hw-mul\libsmallc.a(lib_a-printf.o)
 .bss           0x0000ad18        0x0 d:/quartus/nios2eds/bin/gnu/h-i686-mingw32/bin/../lib/gcc/nios2-elf/4.1.2/../../../../nios2-elf/lib/mno-hw-mul\libsmallc.a(lib_a-putchar.o)
 .bss           0x0000ad18        0x0 d:/quartus/nios2eds/bin/gnu/h-i686-mingw32/bin/../lib/gcc/nios2-elf/4.1.2/../../../../nios2-elf/lib/mno-hw-mul\libsmallc.a(lib_a-puts.o)
 .bss           0x0000ad18        0x0 d:/quartus/nios2eds/bin/gnu/h-i686-mingw32/bin/../lib/gcc/nios2-elf/4.1.2/../../../../nios2-elf/lib/mno-hw-mul\libsmallc.a(lib_a-strlen.o)
 .bss           0x0000ad18        0x0 d:/quartus/nios2eds/bin/gnu/h-i686-mingw32/bin/../lib/gcc/nios2-elf/4.1.2/../../../../nios2-elf/lib/mno-hw-mul\libsmallc.a(lib_a-vfprintf.o)
 .bss           0x0000ad18        0x0 d:/quartus/nios2eds/bin/gnu/h-i686-mingw32/bin/../lib/gcc/nios2-elf/4.1.2/../../../../nios2-elf/lib/mno-hw-mul\libsmallc.a(lib_a-fvwrite_small_dev.o)
 .bss           0x0000ad18        0x0 d:/quartus/nios2eds/bin/gnu/h-i686-mingw32/bin/../lib/gcc/nios2-elf/4.1.2/../../../../nios2-elf/lib/mno-hw-mul\libsmallc.a(lib_a-impure.o)
 .bss           0x0000ad18        0x0 d:/quartus/nios2eds/bin/gnu/h-i686-mingw32/bin/../lib/gcc/nios2-elf/4.1.2/../../../../nios2-elf/lib/mno-hw-mul\libsmallc.a(lib_a-putc.o)
 .bss           0x0000ad18        0x0 d:/quartus/nios2eds/bin/gnu/h-i686-mingw32/bin/../lib/gcc/nios2-elf/4.1.2/../../../../nios2-elf/lib/mno-hw-mul\libsmallc.a(lib_a-writer.o)
 .bss           0x0000ad18        0x0 d:/quartus/nios2eds/bin/gnu/h-i686-mingw32/bin/../lib/gcc/nios2-elf/4.1.2/../../../../nios2-elf/lib/mno-hw-mul\libsmallc.a(lib_a-int_errno.o)
 .bss           0x0000ad18        0x0 d:/quartus/nios2eds/bin/gnu/h-i686-mingw32/bin/../lib/gcc/nios2-elf/4.1.2/mno-hw-mul\libgcc.a(lib2-divmod.o)
 .bss           0x0000ad18        0x0 d:/quartus/nios2eds/bin/gnu/h-i686-mingw32/bin/../lib/gcc/nios2-elf/4.1.2/mno-hw-mul\libgcc.a(lib2-mul.o)
 .bss           0x0000ad18        0x0 ../sha256_bsp/\libhal_bsp.a(alt_load.o)
 .bss           0x0000ad18        0x0 ../sha256_bsp/\libhal_bsp.a(alt_main.o)
 .bss           0x0000ad18        0x0 ../sha256_bsp/\libhal_bsp.a(alt_write.o)
 .bss           0x0000ad18        0x0 ../sha256_bsp/\libhal_bsp.a(alt_sys_init.o)
 .bss           0x0000ad18        0x0 ../sha256_bsp/\libhal_bsp.a(altera_avalon_jtag_uart_fd.o)
 .bss           0x0000ad18        0x0 ../sha256_bsp/\libhal_bsp.a(altera_avalon_jtag_uart_read.o)
 .bss           0x0000ad18        0x0 ../sha256_bsp/\libhal_bsp.a(altera_avalon_jtag_uart_write.o)
 .bss           0x0000ad18        0x0 ../sha256_bsp/\libhal_bsp.a(alt_close.o)
 .bss           0x0000ad18        0x0 ../sha256_bsp/\libhal_bsp.a(alt_dcache_flush_all.o)
 .bss           0x0000ad18        0x0 ../sha256_bsp/\libhal_bsp.a(alt_dev.o)
 .bss           0x0000ad18        0x0 ../sha256_bsp/\libhal_bsp.a(alt_dev_llist_insert.o)
 .bss           0x0000ad18        0x0 ../sha256_bsp/\libhal_bsp.a(alt_do_ctors.o)
 .bss           0x0000ad18        0x0 ../sha256_bsp/\libhal_bsp.a(alt_do_dtors.o)
 .bss           0x0000ad18        0x0 ../sha256_bsp/\libhal_bsp.a(alt_errno.o)
 .bss           0x0000ad18        0x0 ../sha256_bsp/\libhal_bsp.a(alt_icache_flush_all.o)
 .bss           0x0000ad18        0x0 ../sha256_bsp/\libhal_bsp.a(alt_io_redirect.o)
 .bss           0x0000ad18        0x0 ../sha256_bsp/\libhal_bsp.a(alt_open.o)
 .bss           0x0000ad18        0x0 ../sha256_bsp/\libhal_bsp.a(alt_release_fd.o)
 .bss           0x0000ad18        0x0 ../sha256_bsp/\libhal_bsp.a(altera_nios2_qsys_irq.o)
 .bss           0x0000ad18        0x0 ../sha256_bsp/\libhal_bsp.a(alt_find_dev.o)
 .bss           0x0000ad18        0x0 ../sha256_bsp/\libhal_bsp.a(alt_find_file.o)
 .bss           0x0000ad18        0x0 ../sha256_bsp/\libhal_bsp.a(alt_get_fd.o)
 .bss           0x0000ad18        0x0 d:/quartus/nios2eds/bin/gnu/h-i686-mingw32/bin/../lib/gcc/nios2-elf/4.1.2/../../../../nios2-elf/lib/mno-hw-mul\libsmallc.a(lib_a-atexit.o)
 .bss           0x0000ad18        0x0 d:/quartus/nios2eds/bin/gnu/h-i686-mingw32/bin/../lib/gcc/nios2-elf/4.1.2/../../../../nios2-elf/lib/mno-hw-mul\libsmallc.a(lib_a-exit.o)
 .bss           0x0000ad18        0x0 d:/quartus/nios2eds/bin/gnu/h-i686-mingw32/bin/../lib/gcc/nios2-elf/4.1.2/../../../../nios2-elf/lib/mno-hw-mul\libsmallc.a(lib_a-memcmp.o)
 .bss           0x0000ad18        0x0 d:/quartus/nios2eds/bin/gnu/h-i686-mingw32/bin/../lib/gcc/nios2-elf/4.1.2/../../../../nios2-elf/lib/mno-hw-mul\libsmallc.a(lib_a-__atexit.o)
 .bss           0x0000ad18        0x0 d:/quartus/nios2eds/bin/gnu/h-i686-mingw32/bin/../lib/gcc/nios2-elf/4.1.2/../../../../nios2-elf/lib/mno-hw-mul\libsmallc.a(lib_a-__call_atexit.o)
 .bss           0x0000ad18        0x0 ../sha256_bsp/\libhal_bsp.a(alt_exit.o)
 *(COMMON)
 COMMON         0x0000ad18       0x8c d:/quartus/nios2eds/bin/gnu/h-i686-mingw32/bin/../lib/gcc/nios2-elf/4.1.2/../../../../nios2-elf/lib/mno-hw-mul\libsmallc.a(lib_a-atexit.o)
                0x0000ad18                _atexit0
                0x0000ada4                . = ALIGN (0x4)
                0x0000ada4                __bss_end = ABSOLUTE (.)

.onchip_memory2_0
                0x0000ada4        0x0
                0x0000ada4                PROVIDE (_alt_partition_onchip_memory2_0_start, ABSOLUTE (.))
 *(.onchip_memory2_0. onchip_memory2_0.*)
                0x0000ada4                . = ALIGN (0x4)
                0x0000ada4                PROVIDE (_alt_partition_onchip_memory2_0_end, ABSOLUTE (.))
                0x0000ada4                _end = ABSOLUTE (.)
                0x0000ada4                end = ABSOLUTE (.)
                0x0000ada4                __alt_stack_base = ABSOLUTE (.)
                0x0000ada4                PROVIDE (_alt_partition_onchip_memory2_0_load_addr, LOADADDR (.onchip_memory2_0))

.stab
 *(.stab)

.stabstr
 *(.stabstr)

.stab.excl
 *(.stab.excl)

.stab.exclstr
 *(.stab.exclstr)

.stab.index
 *(.stab.index)

.stab.indexstr
 *(.stab.indexstr)

.comment        0x00000000       0x26
 *(.comment)
 .comment       0x00000000       0x26 obj/default/hello_world.o
                                 0x27 (size before relaxing)
 .comment       0x00000000       0x27 d:/quartus/nios2eds/bin/gnu/h-i686-mingw32/bin/../lib/gcc/nios2-elf/4.1.2/../../../../nios2-elf/lib/mno-hw-mul\libsmallc.a(lib_a-printf.o)
 .comment       0x00000000       0x27 d:/quartus/nios2eds/bin/gnu/h-i686-mingw32/bin/../lib/gcc/nios2-elf/4.1.2/../../../../nios2-elf/lib/mno-hw-mul\libsmallc.a(lib_a-putchar.o)
 .comment       0x00000000       0x27 d:/quartus/nios2eds/bin/gnu/h-i686-mingw32/bin/../lib/gcc/nios2-elf/4.1.2/../../../../nios2-elf/lib/mno-hw-mul\libsmallc.a(lib_a-puts.o)
 .comment       0x00000000       0x27 d:/quartus/nios2eds/bin/gnu/h-i686-mingw32/bin/../lib/gcc/nios2-elf/4.1.2/../../../../nios2-elf/lib/mno-hw-mul\libsmallc.a(lib_a-strlen.o)
 .comment       0x00000000       0x27 d:/quartus/nios2eds/bin/gnu/h-i686-mingw32/bin/../lib/gcc/nios2-elf/4.1.2/../../../../nios2-elf/lib/mno-hw-mul\libsmallc.a(lib_a-vfprintf.o)
 .comment       0x00000000       0x27 d:/quartus/nios2eds/bin/gnu/h-i686-mingw32/bin/../lib/gcc/nios2-elf/4.1.2/../../../../nios2-elf/lib/mno-hw-mul\libsmallc.a(lib_a-fvwrite_small_dev.o)
 .comment       0x00000000       0x27 d:/quartus/nios2eds/bin/gnu/h-i686-mingw32/bin/../lib/gcc/nios2-elf/4.1.2/../../../../nios2-elf/lib/mno-hw-mul\libsmallc.a(lib_a-impure.o)
 .comment       0x00000000       0x27 d:/quartus/nios2eds/bin/gnu/h-i686-mingw32/bin/../lib/gcc/nios2-elf/4.1.2/../../../../nios2-elf/lib/mno-hw-mul\libsmallc.a(lib_a-putc.o)
 .comment       0x00000000       0x27 d:/quartus/nios2eds/bin/gnu/h-i686-mingw32/bin/../lib/gcc/nios2-elf/4.1.2/../../../../nios2-elf/lib/mno-hw-mul\libsmallc.a(lib_a-writer.o)
 .comment       0x00000000       0x27 d:/quartus/nios2eds/bin/gnu/h-i686-mingw32/bin/../lib/gcc/nios2-elf/4.1.2/../../../../nios2-elf/lib/mno-hw-mul\libsmallc.a(lib_a-int_errno.o)
 .comment       0x00000000       0x27 d:/quartus/nios2eds/bin/gnu/h-i686-mingw32/bin/../lib/gcc/nios2-elf/4.1.2/mno-hw-mul\libgcc.a(lib2-divmod.o)
 .comment       0x00000000       0x27 d:/quartus/nios2eds/bin/gnu/h-i686-mingw32/bin/../lib/gcc/nios2-elf/4.1.2/mno-hw-mul\libgcc.a(lib2-mul.o)
 .comment       0x00000000       0x27 ../sha256_bsp/\libhal_bsp.a(alt_load.o)
 .comment       0x00000000       0x27 ../sha256_bsp/\libhal_bsp.a(alt_main.o)
 .comment       0x00000000       0x27 ../sha256_bsp/\libhal_bsp.a(alt_write.o)
 .comment       0x00000000       0x27 ../sha256_bsp/\libhal_bsp.a(alt_sys_init.o)
 .comment       0x00000000       0x27 ../sha256_bsp/\libhal_bsp.a(altera_avalon_jtag_uart_fd.o)
 .comment       0x00000000       0x27 ../sha256_bsp/\libhal_bsp.a(altera_avalon_jtag_uart_read.o)
 .comment       0x00000000       0x27 ../sha256_bsp/\libhal_bsp.a(altera_avalon_jtag_uart_write.o)
 .comment       0x00000000       0x27 ../sha256_bsp/\libhal_bsp.a(alt_close.o)
 .comment       0x00000000       0x27 ../sha256_bsp/\libhal_bsp.a(alt_dcache_flush_all.o)
 .comment       0x00000000       0x27 ../sha256_bsp/\libhal_bsp.a(alt_dev.o)
 .comment       0x00000000       0x27 ../sha256_bsp/\libhal_bsp.a(alt_dev_llist_insert.o)
 .comment       0x00000000       0x27 ../sha256_bsp/\libhal_bsp.a(alt_do_ctors.o)
 .comment       0x00000000       0x27 ../sha256_bsp/\libhal_bsp.a(alt_do_dtors.o)
 .comment       0x00000000       0x27 ../sha256_bsp/\libhal_bsp.a(alt_errno.o)
 .comment       0x00000000       0x27 ../sha256_bsp/\libhal_bsp.a(alt_icache_flush_all.o)
 .comment       0x00000000       0x27 ../sha256_bsp/\libhal_bsp.a(alt_io_redirect.o)
 .comment       0x00000000       0x27 ../sha256_bsp/\libhal_bsp.a(alt_open.o)
 .comment       0x00000000       0x27 ../sha256_bsp/\libhal_bsp.a(alt_release_fd.o)
 .comment       0x00000000       0x27 ../sha256_bsp/\libhal_bsp.a(altera_nios2_qsys_irq.o)
 .comment       0x00000000       0x27 ../sha256_bsp/\libhal_bsp.a(alt_find_dev.o)
 .comment       0x00000000       0x27 ../sha256_bsp/\libhal_bsp.a(alt_find_file.o)
 .comment       0x00000000       0x27 ../sha256_bsp/\libhal_bsp.a(alt_get_fd.o)
 .comment       0x00000000       0x27 d:/quartus/nios2eds/bin/gnu/h-i686-mingw32/bin/../lib/gcc/nios2-elf/4.1.2/../../../../nios2-elf/lib/mno-hw-mul\libsmallc.a(lib_a-atexit.o)
 .comment       0x00000000       0x27 d:/quartus/nios2eds/bin/gnu/h-i686-mingw32/bin/../lib/gcc/nios2-elf/4.1.2/../../../../nios2-elf/lib/mno-hw-mul\libsmallc.a(lib_a-exit.o)
 .comment       0x00000000       0x27 d:/quartus/nios2eds/bin/gnu/h-i686-mingw32/bin/../lib/gcc/nios2-elf/4.1.2/../../../../nios2-elf/lib/mno-hw-mul\libsmallc.a(lib_a-memcmp.o)
 .comment       0x00000000       0x27 d:/quartus/nios2eds/bin/gnu/h-i686-mingw32/bin/../lib/gcc/nios2-elf/4.1.2/../../../../nios2-elf/lib/mno-hw-mul\libsmallc.a(lib_a-__atexit.o)
 .comment       0x00000000       0x27 d:/quartus/nios2eds/bin/gnu/h-i686-mingw32/bin/../lib/gcc/nios2-elf/4.1.2/../../../../nios2-elf/lib/mno-hw-mul\libsmallc.a(lib_a-__call_atexit.o)
 .comment       0x00000000       0x27 ../sha256_bsp/\libhal_bsp.a(alt_exit.o)

.debug
 *(.debug)

.line
 *(.line)

.debug_srcinfo
 *(.debug_srcinfo)

.debug_sfnames
 *(.debug_sfnames)

.debug_aranges  0x00000000      0x4e8
 *(.debug_aranges)
 .debug_aranges
                0x00000000       0x28 ../sha256_bsp//obj/HAL/src/crt0.o
 .debug_aranges
                0x00000028       0x20 obj/default/hello_world.o
 .debug_aranges
                0x00000048       0x20 d:/quartus/nios2eds/bin/gnu/h-i686-mingw32/bin/../lib/gcc/nios2-elf/4.1.2/../../../../nios2-elf/lib/mno-hw-mul\libsmallc.a(lib_a-printf.o)
 .debug_aranges
                0x00000068       0x20 d:/quartus/nios2eds/bin/gnu/h-i686-mingw32/bin/../lib/gcc/nios2-elf/4.1.2/../../../../nios2-elf/lib/mno-hw-mul\libsmallc.a(lib_a-putchar.o)
 .debug_aranges
                0x00000088       0x20 d:/quartus/nios2eds/bin/gnu/h-i686-mingw32/bin/../lib/gcc/nios2-elf/4.1.2/../../../../nios2-elf/lib/mno-hw-mul\libsmallc.a(lib_a-puts.o)
 .debug_aranges
                0x000000a8       0x20 d:/quartus/nios2eds/bin/gnu/h-i686-mingw32/bin/../lib/gcc/nios2-elf/4.1.2/../../../../nios2-elf/lib/mno-hw-mul\libsmallc.a(lib_a-strlen.o)
 .debug_aranges
                0x000000c8       0x20 d:/quartus/nios2eds/bin/gnu/h-i686-mingw32/bin/../lib/gcc/nios2-elf/4.1.2/../../../../nios2-elf/lib/mno-hw-mul\libsmallc.a(lib_a-vfprintf.o)
 .debug_aranges
                0x000000e8       0x20 d:/quartus/nios2eds/bin/gnu/h-i686-mingw32/bin/../lib/gcc/nios2-elf/4.1.2/../../../../nios2-elf/lib/mno-hw-mul\libsmallc.a(lib_a-fvwrite_small_dev.o)
 .debug_aranges
                0x00000108       0x20 d:/quartus/nios2eds/bin/gnu/h-i686-mingw32/bin/../lib/gcc/nios2-elf/4.1.2/../../../../nios2-elf/lib/mno-hw-mul\libsmallc.a(lib_a-putc.o)
 .debug_aranges
                0x00000128       0x20 d:/quartus/nios2eds/bin/gnu/h-i686-mingw32/bin/../lib/gcc/nios2-elf/4.1.2/../../../../nios2-elf/lib/mno-hw-mul\libsmallc.a(lib_a-writer.o)
 .debug_aranges
                0x00000148       0x20 d:/quartus/nios2eds/bin/gnu/h-i686-mingw32/bin/../lib/gcc/nios2-elf/4.1.2/mno-hw-mul\libgcc.a(lib2-divmod.o)
 .debug_aranges
                0x00000168       0x20 d:/quartus/nios2eds/bin/gnu/h-i686-mingw32/bin/../lib/gcc/nios2-elf/4.1.2/mno-hw-mul\libgcc.a(lib2-mul.o)
 .debug_aranges
                0x00000188       0x20 ../sha256_bsp/\libhal_bsp.a(alt_load.o)
 .debug_aranges
                0x000001a8       0x20 ../sha256_bsp/\libhal_bsp.a(alt_main.o)
 .debug_aranges
                0x000001c8       0x20 ../sha256_bsp/\libhal_bsp.a(alt_write.o)
 .debug_aranges
                0x000001e8       0x20 ../sha256_bsp/\libhal_bsp.a(alt_sys_init.o)
 .debug_aranges
                0x00000208       0x20 ../sha256_bsp/\libhal_bsp.a(altera_avalon_jtag_uart_fd.o)
 .debug_aranges
                0x00000228       0x20 ../sha256_bsp/\libhal_bsp.a(altera_avalon_jtag_uart_read.o)
 .debug_aranges
                0x00000248       0x20 ../sha256_bsp/\libhal_bsp.a(altera_avalon_jtag_uart_write.o)
 .debug_aranges
                0x00000268       0x20 ../sha256_bsp/\libhal_bsp.a(alt_close.o)
 .debug_aranges
                0x00000288       0x20 ../sha256_bsp/\libhal_bsp.a(alt_dcache_flush_all.o)
 .debug_aranges
                0x000002a8       0x20 ../sha256_bsp/\libhal_bsp.a(alt_dev.o)
 .debug_aranges
                0x000002c8       0x20 ../sha256_bsp/\libhal_bsp.a(alt_dev_llist_insert.o)
 .debug_aranges
                0x000002e8       0x20 ../sha256_bsp/\libhal_bsp.a(alt_do_ctors.o)
 .debug_aranges
                0x00000308       0x20 ../sha256_bsp/\libhal_bsp.a(alt_do_dtors.o)
 .debug_aranges
                0x00000328       0x20 ../sha256_bsp/\libhal_bsp.a(alt_icache_flush_all.o)
 .debug_aranges
                0x00000348       0x20 ../sha256_bsp/\libhal_bsp.a(alt_io_redirect.o)
 .debug_aranges
                0x00000368       0x20 ../sha256_bsp/\libhal_bsp.a(alt_open.o)
 .debug_aranges
                0x00000388       0x20 ../sha256_bsp/\libhal_bsp.a(alt_release_fd.o)
 .debug_aranges
                0x000003a8       0x20 ../sha256_bsp/\libhal_bsp.a(altera_nios2_qsys_irq.o)
 .debug_aranges
                0x000003c8       0x20 ../sha256_bsp/\libhal_bsp.a(alt_find_dev.o)
 .debug_aranges
                0x000003e8       0x20 ../sha256_bsp/\libhal_bsp.a(alt_find_file.o)
 .debug_aranges
                0x00000408       0x20 ../sha256_bsp/\libhal_bsp.a(alt_get_fd.o)
 .debug_aranges
                0x00000428       0x20 d:/quartus/nios2eds/bin/gnu/h-i686-mingw32/bin/../lib/gcc/nios2-elf/4.1.2/../../../../nios2-elf/lib/mno-hw-mul\libsmallc.a(lib_a-atexit.o)
 .debug_aranges
                0x00000448       0x20 d:/quartus/nios2eds/bin/gnu/h-i686-mingw32/bin/../lib/gcc/nios2-elf/4.1.2/../../../../nios2-elf/lib/mno-hw-mul\libsmallc.a(lib_a-exit.o)
 .debug_aranges
                0x00000468       0x20 d:/quartus/nios2eds/bin/gnu/h-i686-mingw32/bin/../lib/gcc/nios2-elf/4.1.2/../../../../nios2-elf/lib/mno-hw-mul\libsmallc.a(lib_a-memcmp.o)
 .debug_aranges
                0x00000488       0x20 d:/quartus/nios2eds/bin/gnu/h-i686-mingw32/bin/../lib/gcc/nios2-elf/4.1.2/../../../../nios2-elf/lib/mno-hw-mul\libsmallc.a(lib_a-__atexit.o)
 .debug_aranges
                0x000004a8       0x20 d:/quartus/nios2eds/bin/gnu/h-i686-mingw32/bin/../lib/gcc/nios2-elf/4.1.2/../../../../nios2-elf/lib/mno-hw-mul\libsmallc.a(lib_a-__call_atexit.o)
 .debug_aranges
                0x000004c8       0x20 ../sha256_bsp/\libhal_bsp.a(alt_exit.o)

.debug_pubnames
                0x00000000      0x6fc
 *(.debug_pubnames)
 .debug_pubnames
                0x00000000       0x49 obj/default/hello_world.o
 .debug_pubnames
                0x00000049       0x2b d:/quartus/nios2eds/bin/gnu/h-i686-mingw32/bin/../lib/gcc/nios2-elf/4.1.2/../../../../nios2-elf/lib/mno-hw-mul\libsmallc.a(lib_a-printf.o)
 .debug_pubnames
                0x00000074       0x2d d:/quartus/nios2eds/bin/gnu/h-i686-mingw32/bin/../lib/gcc/nios2-elf/4.1.2/../../../../nios2-elf/lib/mno-hw-mul\libsmallc.a(lib_a-putchar.o)
 .debug_pubnames
                0x000000a1       0x27 d:/quartus/nios2eds/bin/gnu/h-i686-mingw32/bin/../lib/gcc/nios2-elf/4.1.2/../../../../nios2-elf/lib/mno-hw-mul\libsmallc.a(lib_a-puts.o)
 .debug_pubnames
                0x000000c8       0x1d d:/quartus/nios2eds/bin/gnu/h-i686-mingw32/bin/../lib/gcc/nios2-elf/4.1.2/../../../../nios2-elf/lib/mno-hw-mul\libsmallc.a(lib_a-strlen.o)
 .debug_pubnames
                0x000000e5       0x45 d:/quartus/nios2eds/bin/gnu/h-i686-mingw32/bin/../lib/gcc/nios2-elf/4.1.2/../../../../nios2-elf/lib/mno-hw-mul\libsmallc.a(lib_a-vfprintf.o)
 .debug_pubnames
                0x0000012a       0x2b d:/quartus/nios2eds/bin/gnu/h-i686-mingw32/bin/../lib/gcc/nios2-elf/4.1.2/../../../../nios2-elf/lib/mno-hw-mul\libsmallc.a(lib_a-fvwrite_small_dev.o)
 .debug_pubnames
                0x00000155       0x39 d:/quartus/nios2eds/bin/gnu/h-i686-mingw32/bin/../lib/gcc/nios2-elf/4.1.2/../../../../nios2-elf/lib/mno-hw-mul\libsmallc.a(lib_a-impure.o)
 .debug_pubnames
                0x0000018e       0x27 d:/quartus/nios2eds/bin/gnu/h-i686-mingw32/bin/../lib/gcc/nios2-elf/4.1.2/../../../../nios2-elf/lib/mno-hw-mul\libsmallc.a(lib_a-putc.o)
 .debug_pubnames
                0x000001b5       0x1f d:/quartus/nios2eds/bin/gnu/h-i686-mingw32/bin/../lib/gcc/nios2-elf/4.1.2/../../../../nios2-elf/lib/mno-hw-mul\libsmallc.a(lib_a-writer.o)
 .debug_pubnames
                0x000001d4       0x1c d:/quartus/nios2eds/bin/gnu/h-i686-mingw32/bin/../lib/gcc/nios2-elf/4.1.2/../../../../nios2-elf/lib/mno-hw-mul\libsmallc.a(lib_a-int_errno.o)
 .debug_pubnames
                0x000001f0       0x48 d:/quartus/nios2eds/bin/gnu/h-i686-mingw32/bin/../lib/gcc/nios2-elf/4.1.2/mno-hw-mul\libgcc.a(lib2-divmod.o)
 .debug_pubnames
                0x00000238       0x1f d:/quartus/nios2eds/bin/gnu/h-i686-mingw32/bin/../lib/gcc/nios2-elf/4.1.2/mno-hw-mul\libgcc.a(lib2-mul.o)
 .debug_pubnames
                0x00000257       0x1f ../sha256_bsp/\libhal_bsp.a(alt_load.o)
 .debug_pubnames
                0x00000276       0x46 ../sha256_bsp/\libhal_bsp.a(alt_main.o)
 .debug_pubnames
                0x000002bc       0x1c ../sha256_bsp/\libhal_bsp.a(alt_write.o)
 .debug_pubnames
                0x000002d8       0x34 ../sha256_bsp/\libhal_bsp.a(alt_sys_init.o)
 .debug_pubnames
                0x0000030c       0x5b ../sha256_bsp/\libhal_bsp.a(altera_avalon_jtag_uart_fd.o)
 .debug_pubnames
                0x00000367       0x33 ../sha256_bsp/\libhal_bsp.a(altera_avalon_jtag_uart_read.o)
 .debug_pubnames
                0x0000039a       0x34 ../sha256_bsp/\libhal_bsp.a(altera_avalon_jtag_uart_write.o)
 .debug_pubnames
                0x000003ce       0x1c ../sha256_bsp/\libhal_bsp.a(alt_close.o)
 .debug_pubnames
                0x000003ea       0x2b ../sha256_bsp/\libhal_bsp.a(alt_dcache_flush_all.o)
 .debug_pubnames
                0x00000415       0x63 ../sha256_bsp/\libhal_bsp.a(alt_dev.o)
 .debug_pubnames
                0x00000478       0x2b ../sha256_bsp/\libhal_bsp.a(alt_dev_llist_insert.o)
 .debug_pubnames
                0x000004a3       0x20 ../sha256_bsp/\libhal_bsp.a(alt_do_ctors.o)
 .debug_pubnames
                0x000004c3       0x20 ../sha256_bsp/\libhal_bsp.a(alt_do_dtors.o)
 .debug_pubnames
                0x000004e3       0x20 ../sha256_bsp/\libhal_bsp.a(alt_errno.o)
 .debug_pubnames
                0x00000503       0x2b ../sha256_bsp/\libhal_bsp.a(alt_icache_flush_all.o)
 .debug_pubnames
                0x0000052e       0x26 ../sha256_bsp/\libhal_bsp.a(alt_io_redirect.o)
 .debug_pubnames
                0x00000554       0x1b ../sha256_bsp/\libhal_bsp.a(alt_open.o)
 .debug_pubnames
                0x0000056f       0x25 ../sha256_bsp/\libhal_bsp.a(alt_release_fd.o)
 .debug_pubnames
                0x00000594       0x31 ../sha256_bsp/\libhal_bsp.a(altera_nios2_qsys_irq.o)
 .debug_pubnames
                0x000005c5       0x23 ../sha256_bsp/\libhal_bsp.a(alt_find_dev.o)
 .debug_pubnames
                0x000005e8       0x24 ../sha256_bsp/\libhal_bsp.a(alt_find_file.o)
 .debug_pubnames
                0x0000060c       0x21 ../sha256_bsp/\libhal_bsp.a(alt_get_fd.o)
 .debug_pubnames
                0x0000062d       0x2a d:/quartus/nios2eds/bin/gnu/h-i686-mingw32/bin/../lib/gcc/nios2-elf/4.1.2/../../../../nios2-elf/lib/mno-hw-mul\libsmallc.a(lib_a-atexit.o)
 .debug_pubnames
                0x00000657       0x1b d:/quartus/nios2eds/bin/gnu/h-i686-mingw32/bin/../lib/gcc/nios2-elf/4.1.2/../../../../nios2-elf/lib/mno-hw-mul\libsmallc.a(lib_a-exit.o)
 .debug_pubnames
                0x00000672       0x1d d:/quartus/nios2eds/bin/gnu/h-i686-mingw32/bin/../lib/gcc/nios2-elf/4.1.2/../../../../nios2-elf/lib/mno-hw-mul\libsmallc.a(lib_a-memcmp.o)
 .debug_pubnames
                0x0000068f       0x2a d:/quartus/nios2eds/bin/gnu/h-i686-mingw32/bin/../lib/gcc/nios2-elf/4.1.2/../../../../nios2-elf/lib/mno-hw-mul\libsmallc.a(lib_a-__atexit.o)
 .debug_pubnames
                0x000006b9       0x27 d:/quartus/nios2eds/bin/gnu/h-i686-mingw32/bin/../lib/gcc/nios2-elf/4.1.2/../../../../nios2-elf/lib/mno-hw-mul\libsmallc.a(lib_a-__call_atexit.o)
 .debug_pubnames
                0x000006e0       0x1c ../sha256_bsp/\libhal_bsp.a(alt_exit.o)

.debug_info     0x00000000     0x9d2e
 *(.debug_info .gnu.linkonce.wi.*)
 .debug_info    0x00000000       0x69 ../sha256_bsp//obj/HAL/src/crt0.o
 .debug_info    0x00000069      0x2a9 obj/default/hello_world.o
 .debug_info    0x00000312      0x6c8 d:/quartus/nios2eds/bin/gnu/h-i686-mingw32/bin/../lib/gcc/nios2-elf/4.1.2/../../../../nios2-elf/lib/mno-hw-mul\libsmallc.a(lib_a-printf.o)
 .debug_info    0x000009da      0x66b d:/quartus/nios2eds/bin/gnu/h-i686-mingw32/bin/../lib/gcc/nios2-elf/4.1.2/../../../../nios2-elf/lib/mno-hw-mul\libsmallc.a(lib_a-putchar.o)
 .debug_info    0x00001045      0x685 d:/quartus/nios2eds/bin/gnu/h-i686-mingw32/bin/../lib/gcc/nios2-elf/4.1.2/../../../../nios2-elf/lib/mno-hw-mul\libsmallc.a(lib_a-puts.o)
 .debug_info    0x000016ca       0xc2 d:/quartus/nios2eds/bin/gnu/h-i686-mingw32/bin/../lib/gcc/nios2-elf/4.1.2/../../../../nios2-elf/lib/mno-hw-mul\libsmallc.a(lib_a-strlen.o)
 .debug_info    0x0000178c      0x9b6 d:/quartus/nios2eds/bin/gnu/h-i686-mingw32/bin/../lib/gcc/nios2-elf/4.1.2/../../../../nios2-elf/lib/mno-hw-mul\libsmallc.a(lib_a-vfprintf.o)
 .debug_info    0x00002142      0x68e d:/quartus/nios2eds/bin/gnu/h-i686-mingw32/bin/../lib/gcc/nios2-elf/4.1.2/../../../../nios2-elf/lib/mno-hw-mul\libsmallc.a(lib_a-fvwrite_small_dev.o)
 .debug_info    0x000027d0      0x636 d:/quartus/nios2eds/bin/gnu/h-i686-mingw32/bin/../lib/gcc/nios2-elf/4.1.2/../../../../nios2-elf/lib/mno-hw-mul\libsmallc.a(lib_a-impure.o)
 .debug_info    0x00002e06      0x6b8 d:/quartus/nios2eds/bin/gnu/h-i686-mingw32/bin/../lib/gcc/nios2-elf/4.1.2/../../../../nios2-elf/lib/mno-hw-mul\libsmallc.a(lib_a-putc.o)
 .debug_info    0x000034be      0x68c d:/quartus/nios2eds/bin/gnu/h-i686-mingw32/bin/../lib/gcc/nios2-elf/4.1.2/../../../../nios2-elf/lib/mno-hw-mul\libsmallc.a(lib_a-writer.o)
 .debug_info    0x00003b4a       0x8c d:/quartus/nios2eds/bin/gnu/h-i686-mingw32/bin/../lib/gcc/nios2-elf/4.1.2/../../../../nios2-elf/lib/mno-hw-mul\libsmallc.a(lib_a-int_errno.o)
 .debug_info    0x00003bd6      0x21c d:/quartus/nios2eds/bin/gnu/h-i686-mingw32/bin/../lib/gcc/nios2-elf/4.1.2/mno-hw-mul\libgcc.a(lib2-divmod.o)
 .debug_info    0x00003df2       0xf3 d:/quartus/nios2eds/bin/gnu/h-i686-mingw32/bin/../lib/gcc/nios2-elf/4.1.2/mno-hw-mul\libgcc.a(lib2-mul.o)
 .debug_info    0x00003ee5      0x27b ../sha256_bsp/\libhal_bsp.a(alt_load.o)
 .debug_info    0x00004160      0x213 ../sha256_bsp/\libhal_bsp.a(alt_main.o)
 .debug_info    0x00004373      0x681 ../sha256_bsp/\libhal_bsp.a(alt_write.o)
 .debug_info    0x000049f4      0x567 ../sha256_bsp/\libhal_bsp.a(alt_sys_init.o)
 .debug_info    0x00004f5b      0x5a7 ../sha256_bsp/\libhal_bsp.a(altera_avalon_jtag_uart_fd.o)
 .debug_info    0x00005502      0x2f7 ../sha256_bsp/\libhal_bsp.a(altera_avalon_jtag_uart_read.o)
 .debug_info    0x000057f9      0x2d4 ../sha256_bsp/\libhal_bsp.a(altera_avalon_jtag_uart_write.o)
 .debug_info    0x00005acd      0x455 ../sha256_bsp/\libhal_bsp.a(alt_close.o)
 .debug_info    0x00005f22      0x14a ../sha256_bsp/\libhal_bsp.a(alt_dcache_flush_all.o)
 .debug_info    0x0000606c      0x66d ../sha256_bsp/\libhal_bsp.a(alt_dev.o)
 .debug_info    0x000066d9      0x2a5 ../sha256_bsp/\libhal_bsp.a(alt_dev_llist_insert.o)
 .debug_info    0x0000697e       0xfd ../sha256_bsp/\libhal_bsp.a(alt_do_ctors.o)
 .debug_info    0x00006a7b       0xfc ../sha256_bsp/\libhal_bsp.a(alt_do_dtors.o)
 .debug_info    0x00006b77      0x152 ../sha256_bsp/\libhal_bsp.a(alt_errno.o)
 .debug_info    0x00006cc9      0x14a ../sha256_bsp/\libhal_bsp.a(alt_icache_flush_all.o)
 .debug_info    0x00006e13      0x683 ../sha256_bsp/\libhal_bsp.a(alt_io_redirect.o)
 .debug_info    0x00007496      0x513 ../sha256_bsp/\libhal_bsp.a(alt_open.o)
 .debug_info    0x000079a9      0x3e0 ../sha256_bsp/\libhal_bsp.a(alt_release_fd.o)
 .debug_info    0x00007d89      0x151 ../sha256_bsp/\libhal_bsp.a(altera_nios2_qsys_irq.o)
 .debug_info    0x00007eda      0x406 ../sha256_bsp/\libhal_bsp.a(alt_find_dev.o)
 .debug_info    0x000082e0      0x40d ../sha256_bsp/\libhal_bsp.a(alt_find_file.o)
 .debug_info    0x000086ed      0x44e ../sha256_bsp/\libhal_bsp.a(alt_get_fd.o)
 .debug_info    0x00008b3b      0x186 d:/quartus/nios2eds/bin/gnu/h-i686-mingw32/bin/../lib/gcc/nios2-elf/4.1.2/../../../../nios2-elf/lib/mno-hw-mul\libsmallc.a(lib_a-atexit.o)
 .debug_info    0x00008cc1       0x9f d:/quartus/nios2eds/bin/gnu/h-i686-mingw32/bin/../lib/gcc/nios2-elf/4.1.2/../../../../nios2-elf/lib/mno-hw-mul\libsmallc.a(lib_a-exit.o)
 .debug_info    0x00008d60       0xef d:/quartus/nios2eds/bin/gnu/h-i686-mingw32/bin/../lib/gcc/nios2-elf/4.1.2/../../../../nios2-elf/lib/mno-hw-mul\libsmallc.a(lib_a-memcmp.o)
 .debug_info    0x00008e4f      0x68f d:/quartus/nios2eds/bin/gnu/h-i686-mingw32/bin/../lib/gcc/nios2-elf/4.1.2/../../../../nios2-elf/lib/mno-hw-mul\libsmallc.a(lib_a-__atexit.o)
 .debug_info    0x000094de      0x6d5 d:/quartus/nios2eds/bin/gnu/h-i686-mingw32/bin/../lib/gcc/nios2-elf/4.1.2/../../../../nios2-elf/lib/mno-hw-mul\libsmallc.a(lib_a-__call_atexit.o)
 .debug_info    0x00009bb3      0x17b ../sha256_bsp/\libhal_bsp.a(alt_exit.o)

.debug_abbrev   0x00000000     0x2414
 *(.debug_abbrev)
 .debug_abbrev  0x00000000       0x12 ../sha256_bsp//obj/HAL/src/crt0.o
 .debug_abbrev  0x00000012       0xa5 obj/default/hello_world.o
 .debug_abbrev  0x000000b7      0x179 d:/quartus/nios2eds/bin/gnu/h-i686-mingw32/bin/../lib/gcc/nios2-elf/4.1.2/../../../../nios2-elf/lib/mno-hw-mul\libsmallc.a(lib_a-printf.o)
 .debug_abbrev  0x00000230      0x158 d:/quartus/nios2eds/bin/gnu/h-i686-mingw32/bin/../lib/gcc/nios2-elf/4.1.2/../../../../nios2-elf/lib/mno-hw-mul\libsmallc.a(lib_a-putchar.o)
 .debug_abbrev  0x00000388      0x180 d:/quartus/nios2eds/bin/gnu/h-i686-mingw32/bin/../lib/gcc/nios2-elf/4.1.2/../../../../nios2-elf/lib/mno-hw-mul\libsmallc.a(lib_a-puts.o)
 .debug_abbrev  0x00000508       0x7a d:/quartus/nios2eds/bin/gnu/h-i686-mingw32/bin/../lib/gcc/nios2-elf/4.1.2/../../../../nios2-elf/lib/mno-hw-mul\libsmallc.a(lib_a-strlen.o)
 .debug_abbrev  0x00000582      0x263 d:/quartus/nios2eds/bin/gnu/h-i686-mingw32/bin/../lib/gcc/nios2-elf/4.1.2/../../../../nios2-elf/lib/mno-hw-mul\libsmallc.a(lib_a-vfprintf.o)
 .debug_abbrev  0x000007e5      0x179 d:/quartus/nios2eds/bin/gnu/h-i686-mingw32/bin/../lib/gcc/nios2-elf/4.1.2/../../../../nios2-elf/lib/mno-hw-mul\libsmallc.a(lib_a-fvwrite_small_dev.o)
 .debug_abbrev  0x0000095e      0x13f d:/quartus/nios2eds/bin/gnu/h-i686-mingw32/bin/../lib/gcc/nios2-elf/4.1.2/../../../../nios2-elf/lib/mno-hw-mul\libsmallc.a(lib_a-impure.o)
 .debug_abbrev  0x00000a9d      0x167 d:/quartus/nios2eds/bin/gnu/h-i686-mingw32/bin/../lib/gcc/nios2-elf/4.1.2/../../../../nios2-elf/lib/mno-hw-mul\libsmallc.a(lib_a-putc.o)
 .debug_abbrev  0x00000c04      0x16c d:/quartus/nios2eds/bin/gnu/h-i686-mingw32/bin/../lib/gcc/nios2-elf/4.1.2/../../../../nios2-elf/lib/mno-hw-mul\libsmallc.a(lib_a-writer.o)
 .debug_abbrev  0x00000d70       0x3b d:/quartus/nios2eds/bin/gnu/h-i686-mingw32/bin/../lib/gcc/nios2-elf/4.1.2/../../../../nios2-elf/lib/mno-hw-mul\libsmallc.a(lib_a-int_errno.o)
 .debug_abbrev  0x00000dab       0xe0 d:/quartus/nios2eds/bin/gnu/h-i686-mingw32/bin/../lib/gcc/nios2-elf/4.1.2/mno-hw-mul\libgcc.a(lib2-divmod.o)
 .debug_abbrev  0x00000e8b       0x7b d:/quartus/nios2eds/bin/gnu/h-i686-mingw32/bin/../lib/gcc/nios2-elf/4.1.2/mno-hw-mul\libgcc.a(lib2-mul.o)
 .debug_abbrev  0x00000f06       0x88 ../sha256_bsp/\libhal_bsp.a(alt_load.o)
 .debug_abbrev  0x00000f8e       0xb7 ../sha256_bsp/\libhal_bsp.a(alt_main.o)
 .debug_abbrev  0x00001045      0x100 ../sha256_bsp/\libhal_bsp.a(alt_write.o)
 .debug_abbrev  0x00001145      0x121 ../sha256_bsp/\libhal_bsp.a(alt_sys_init.o)
 .debug_abbrev  0x00001266       0xcb ../sha256_bsp/\libhal_bsp.a(altera_avalon_jtag_uart_fd.o)
 .debug_abbrev  0x00001331       0xb6 ../sha256_bsp/\libhal_bsp.a(altera_avalon_jtag_uart_read.o)
 .debug_abbrev  0x000013e7       0xb4 ../sha256_bsp/\libhal_bsp.a(altera_avalon_jtag_uart_write.o)
 .debug_abbrev  0x0000149b       0xfb ../sha256_bsp/\libhal_bsp.a(alt_close.o)
 .debug_abbrev  0x00001596       0x3f ../sha256_bsp/\libhal_bsp.a(alt_dcache_flush_all.o)
 .debug_abbrev  0x000015d5       0xc7 ../sha256_bsp/\libhal_bsp.a(alt_dev.o)
 .debug_abbrev  0x0000169c       0xf6 ../sha256_bsp/\libhal_bsp.a(alt_dev_llist_insert.o)
 .debug_abbrev  0x00001792       0x76 ../sha256_bsp/\libhal_bsp.a(alt_do_ctors.o)
 .debug_abbrev  0x00001808       0x76 ../sha256_bsp/\libhal_bsp.a(alt_do_dtors.o)
 .debug_abbrev  0x0000187e       0x5e ../sha256_bsp/\libhal_bsp.a(alt_errno.o)
 .debug_abbrev  0x000018dc       0x3f ../sha256_bsp/\libhal_bsp.a(alt_icache_flush_all.o)
 .debug_abbrev  0x0000191b       0xf0 ../sha256_bsp/\libhal_bsp.a(alt_io_redirect.o)
 .debug_abbrev  0x00001a0b      0x112 ../sha256_bsp/\libhal_bsp.a(alt_open.o)
 .debug_abbrev  0x00001b1d       0xc1 ../sha256_bsp/\libhal_bsp.a(alt_release_fd.o)
 .debug_abbrev  0x00001bde       0x3f ../sha256_bsp/\libhal_bsp.a(altera_nios2_qsys_irq.o)
 .debug_abbrev  0x00001c1d       0xcf ../sha256_bsp/\libhal_bsp.a(alt_find_dev.o)
 .debug_abbrev  0x00001cec       0xcf ../sha256_bsp/\libhal_bsp.a(alt_find_file.o)
 .debug_abbrev  0x00001dbb       0xfb ../sha256_bsp/\libhal_bsp.a(alt_get_fd.o)
 .debug_abbrev  0x00001eb6       0xc6 d:/quartus/nios2eds/bin/gnu/h-i686-mingw32/bin/../lib/gcc/nios2-elf/4.1.2/../../../../nios2-elf/lib/mno-hw-mul\libsmallc.a(lib_a-atexit.o)
 .debug_abbrev  0x00001f7c       0x4e d:/quartus/nios2eds/bin/gnu/h-i686-mingw32/bin/../lib/gcc/nios2-elf/4.1.2/../../../../nios2-elf/lib/mno-hw-mul\libsmallc.a(lib_a-exit.o)
 .debug_abbrev  0x00001fca       0x7c d:/quartus/nios2eds/bin/gnu/h-i686-mingw32/bin/../lib/gcc/nios2-elf/4.1.2/../../../../nios2-elf/lib/mno-hw-mul\libsmallc.a(lib_a-memcmp.o)
 .debug_abbrev  0x00002046      0x196 d:/quartus/nios2eds/bin/gnu/h-i686-mingw32/bin/../lib/gcc/nios2-elf/4.1.2/../../../../nios2-elf/lib/mno-hw-mul\libsmallc.a(lib_a-__atexit.o)
 .debug_abbrev  0x000021dc      0x1c6 d:/quartus/nios2eds/bin/gnu/h-i686-mingw32/bin/../lib/gcc/nios2-elf/4.1.2/../../../../nios2-elf/lib/mno-hw-mul\libsmallc.a(lib_a-__call_atexit.o)
 .debug_abbrev  0x000023a2       0x72 ../sha256_bsp/\libhal_bsp.a(alt_exit.o)

.debug_line     0x00000000     0x61fc
 *(.debug_line)
 .debug_line    0x00000000       0x66 ../sha256_bsp//obj/HAL/src/crt0.o
 .debug_line    0x00000066      0x356 obj/default/hello_world.o
 .debug_line    0x000003bc      0x2be d:/quartus/nios2eds/bin/gnu/h-i686-mingw32/bin/../lib/gcc/nios2-elf/4.1.2/../../../../nios2-elf/lib/mno-hw-mul\libsmallc.a(lib_a-printf.o)
 .debug_line    0x0000067a      0x267 d:/quartus/nios2eds/bin/gnu/h-i686-mingw32/bin/../lib/gcc/nios2-elf/4.1.2/../../../../nios2-elf/lib/mno-hw-mul\libsmallc.a(lib_a-putchar.o)
 .debug_line    0x000008e1      0x2b2 d:/quartus/nios2eds/bin/gnu/h-i686-mingw32/bin/../lib/gcc/nios2-elf/4.1.2/../../../../nios2-elf/lib/mno-hw-mul\libsmallc.a(lib_a-puts.o)
 .debug_line    0x00000b93      0x250 d:/quartus/nios2eds/bin/gnu/h-i686-mingw32/bin/../lib/gcc/nios2-elf/4.1.2/../../../../nios2-elf/lib/mno-hw-mul\libsmallc.a(lib_a-strlen.o)
 .debug_line    0x00000de3      0x666 d:/quartus/nios2eds/bin/gnu/h-i686-mingw32/bin/../lib/gcc/nios2-elf/4.1.2/../../../../nios2-elf/lib/mno-hw-mul\libsmallc.a(lib_a-vfprintf.o)
 .debug_line    0x00001449      0x2a9 d:/quartus/nios2eds/bin/gnu/h-i686-mingw32/bin/../lib/gcc/nios2-elf/4.1.2/../../../../nios2-elf/lib/mno-hw-mul\libsmallc.a(lib_a-fvwrite_small_dev.o)
 .debug_line    0x000016f2      0x230 d:/quartus/nios2eds/bin/gnu/h-i686-mingw32/bin/../lib/gcc/nios2-elf/4.1.2/../../../../nios2-elf/lib/mno-hw-mul\libsmallc.a(lib_a-impure.o)
 .debug_line    0x00001922      0x2d2 d:/quartus/nios2eds/bin/gnu/h-i686-mingw32/bin/../lib/gcc/nios2-elf/4.1.2/../../../../nios2-elf/lib/mno-hw-mul\libsmallc.a(lib_a-putc.o)
 .debug_line    0x00001bf4      0x29d d:/quartus/nios2eds/bin/gnu/h-i686-mingw32/bin/../lib/gcc/nios2-elf/4.1.2/../../../../nios2-elf/lib/mno-hw-mul\libsmallc.a(lib_a-writer.o)
 .debug_line    0x00001e91      0x1e2 d:/quartus/nios2eds/bin/gnu/h-i686-mingw32/bin/../lib/gcc/nios2-elf/4.1.2/../../../../nios2-elf/lib/mno-hw-mul\libsmallc.a(lib_a-int_errno.o)
 .debug_line    0x00002073      0x24f d:/quartus/nios2eds/bin/gnu/h-i686-mingw32/bin/../lib/gcc/nios2-elf/4.1.2/mno-hw-mul\libgcc.a(lib2-divmod.o)
 .debug_line    0x000022c2      0x11a d:/quartus/nios2eds/bin/gnu/h-i686-mingw32/bin/../lib/gcc/nios2-elf/4.1.2/mno-hw-mul\libgcc.a(lib2-mul.o)
 .debug_line    0x000023dc      0x217 ../sha256_bsp/\libhal_bsp.a(alt_load.o)
 .debug_line    0x000025f3      0x2bc ../sha256_bsp/\libhal_bsp.a(alt_main.o)
 .debug_line    0x000028af      0x2bb ../sha256_bsp/\libhal_bsp.a(alt_write.o)
 .debug_line    0x00002b6a      0x298 ../sha256_bsp/\libhal_bsp.a(alt_sys_init.o)
 .debug_line    0x00002e02      0x1d0 ../sha256_bsp/\libhal_bsp.a(altera_avalon_jtag_uart_fd.o)
 .debug_line    0x00002fd2      0x335 ../sha256_bsp/\libhal_bsp.a(altera_avalon_jtag_uart_read.o)
 .debug_line    0x00003307      0x2f6 ../sha256_bsp/\libhal_bsp.a(altera_avalon_jtag_uart_write.o)
 .debug_line    0x000035fd      0x28b ../sha256_bsp/\libhal_bsp.a(alt_close.o)
 .debug_line    0x00003888      0x1a7 ../sha256_bsp/\libhal_bsp.a(alt_dcache_flush_all.o)
 .debug_line    0x00003a2f      0x246 ../sha256_bsp/\libhal_bsp.a(alt_dev.o)
 .debug_line    0x00003c75      0x25a ../sha256_bsp/\libhal_bsp.a(alt_dev_llist_insert.o)
 .debug_line    0x00003ecf       0x83 ../sha256_bsp/\libhal_bsp.a(alt_do_ctors.o)
 .debug_line    0x00003f52       0x83 ../sha256_bsp/\libhal_bsp.a(alt_do_dtors.o)
 .debug_line    0x00003fd5      0x1aa ../sha256_bsp/\libhal_bsp.a(alt_errno.o)
 .debug_line    0x0000417f      0x1a7 ../sha256_bsp/\libhal_bsp.a(alt_icache_flush_all.o)
 .debug_line    0x00004326      0x2a6 ../sha256_bsp/\libhal_bsp.a(alt_io_redirect.o)
 .debug_line    0x000045cc      0x2f1 ../sha256_bsp/\libhal_bsp.a(alt_open.o)
 .debug_line    0x000048bd       0xed ../sha256_bsp/\libhal_bsp.a(alt_release_fd.o)
 .debug_line    0x000049aa      0x1c0 ../sha256_bsp/\libhal_bsp.a(altera_nios2_qsys_irq.o)
 .debug_line    0x00004b6a      0x25d ../sha256_bsp/\libhal_bsp.a(alt_find_dev.o)
 .debug_line    0x00004dc7      0x26e ../sha256_bsp/\libhal_bsp.a(alt_find_file.o)
 .debug_line    0x00005035      0x289 ../sha256_bsp/\libhal_bsp.a(alt_get_fd.o)
 .debug_line    0x000052be      0x203 d:/quartus/nios2eds/bin/gnu/h-i686-mingw32/bin/../lib/gcc/nios2-elf/4.1.2/../../../../nios2-elf/lib/mno-hw-mul\libsmallc.a(lib_a-atexit.o)
 .debug_line    0x000054c1      0x223 d:/quartus/nios2eds/bin/gnu/h-i686-mingw32/bin/../lib/gcc/nios2-elf/4.1.2/../../../../nios2-elf/lib/mno-hw-mul\libsmallc.a(lib_a-exit.o)
 .debug_line    0x000056e4      0x270 d:/quartus/nios2eds/bin/gnu/h-i686-mingw32/bin/../lib/gcc/nios2-elf/4.1.2/../../../../nios2-elf/lib/mno-hw-mul\libsmallc.a(lib_a-memcmp.o)
 .debug_line    0x00005954      0x350 d:/quartus/nios2eds/bin/gnu/h-i686-mingw32/bin/../lib/gcc/nios2-elf/4.1.2/../../../../nios2-elf/lib/mno-hw-mul\libsmallc.a(lib_a-__atexit.o)
 .debug_line    0x00005ca4      0x360 d:/quartus/nios2eds/bin/gnu/h-i686-mingw32/bin/../lib/gcc/nios2-elf/4.1.2/../../../../nios2-elf/lib/mno-hw-mul\libsmallc.a(lib_a-__call_atexit.o)
 .debug_line    0x00006004      0x1f8 ../sha256_bsp/\libhal_bsp.a(alt_exit.o)

.debug_frame    0x00000000      0x8c0
 *(.debug_frame)
 .debug_frame   0x00000000       0x64 obj/default/hello_world.o
 .debug_frame   0x00000064       0x40 d:/quartus/nios2eds/bin/gnu/h-i686-mingw32/bin/../lib/gcc/nios2-elf/4.1.2/../../../../nios2-elf/lib/mno-hw-mul\libsmallc.a(lib_a-printf.o)
 .debug_frame   0x000000a4       0x30 d:/quartus/nios2eds/bin/gnu/h-i686-mingw32/bin/../lib/gcc/nios2-elf/4.1.2/../../../../nios2-elf/lib/mno-hw-mul\libsmallc.a(lib_a-putchar.o)
 .debug_frame   0x000000d4       0x3c d:/quartus/nios2eds/bin/gnu/h-i686-mingw32/bin/../lib/gcc/nios2-elf/4.1.2/../../../../nios2-elf/lib/mno-hw-mul\libsmallc.a(lib_a-puts.o)
 .debug_frame   0x00000110       0x20 d:/quartus/nios2eds/bin/gnu/h-i686-mingw32/bin/../lib/gcc/nios2-elf/4.1.2/../../../../nios2-elf/lib/mno-hw-mul\libsmallc.a(lib_a-strlen.o)
 .debug_frame   0x00000130       0x64 d:/quartus/nios2eds/bin/gnu/h-i686-mingw32/bin/../lib/gcc/nios2-elf/4.1.2/../../../../nios2-elf/lib/mno-hw-mul\libsmallc.a(lib_a-vfprintf.o)
 .debug_frame   0x00000194       0x30 d:/quartus/nios2eds/bin/gnu/h-i686-mingw32/bin/../lib/gcc/nios2-elf/4.1.2/../../../../nios2-elf/lib/mno-hw-mul\libsmallc.a(lib_a-fvwrite_small_dev.o)
 .debug_frame   0x000001c4       0x48 d:/quartus/nios2eds/bin/gnu/h-i686-mingw32/bin/../lib/gcc/nios2-elf/4.1.2/../../../../nios2-elf/lib/mno-hw-mul\libsmallc.a(lib_a-putc.o)
 .debug_frame   0x0000020c       0x2c d:/quartus/nios2eds/bin/gnu/h-i686-mingw32/bin/../lib/gcc/nios2-elf/4.1.2/../../../../nios2-elf/lib/mno-hw-mul\libsmallc.a(lib_a-writer.o)
 .debug_frame   0x00000238       0x70 d:/quartus/nios2eds/bin/gnu/h-i686-mingw32/bin/../lib/gcc/nios2-elf/4.1.2/mno-hw-mul\libgcc.a(lib2-divmod.o)
 .debug_frame   0x000002a8       0x20 d:/quartus/nios2eds/bin/gnu/h-i686-mingw32/bin/../lib/gcc/nios2-elf/4.1.2/mno-hw-mul\libgcc.a(lib2-mul.o)
 .debug_frame   0x000002c8       0x48 ../sha256_bsp/\libhal_bsp.a(alt_load.o)
 .debug_frame   0x00000310       0x2c ../sha256_bsp/\libhal_bsp.a(alt_main.o)
 .debug_frame   0x0000033c       0x48 ../sha256_bsp/\libhal_bsp.a(alt_write.o)
 .debug_frame   0x00000384       0x64 ../sha256_bsp/\libhal_bsp.a(alt_sys_init.o)
 .debug_frame   0x000003e8       0x48 ../sha256_bsp/\libhal_bsp.a(altera_avalon_jtag_uart_fd.o)
 .debug_frame   0x00000430       0x2c ../sha256_bsp/\libhal_bsp.a(altera_avalon_jtag_uart_read.o)
 .debug_frame   0x0000045c       0x2c ../sha256_bsp/\libhal_bsp.a(altera_avalon_jtag_uart_write.o)
 .debug_frame   0x00000488       0x48 ../sha256_bsp/\libhal_bsp.a(alt_close.o)
 .debug_frame   0x000004d0       0x2c ../sha256_bsp/\libhal_bsp.a(alt_dcache_flush_all.o)
 .debug_frame   0x000004fc       0x2c ../sha256_bsp/\libhal_bsp.a(alt_dev.o)
 .debug_frame   0x00000528       0x48 ../sha256_bsp/\libhal_bsp.a(alt_dev_llist_insert.o)
 .debug_frame   0x00000570       0x2c ../sha256_bsp/\libhal_bsp.a(alt_do_ctors.o)
 .debug_frame   0x0000059c       0x2c ../sha256_bsp/\libhal_bsp.a(alt_do_dtors.o)
 .debug_frame   0x000005c8       0x2c ../sha256_bsp/\libhal_bsp.a(alt_icache_flush_all.o)
 .debug_frame   0x000005f4       0x4c ../sha256_bsp/\libhal_bsp.a(alt_io_redirect.o)
 .debug_frame   0x00000640       0x68 ../sha256_bsp/\libhal_bsp.a(alt_open.o)
 .debug_frame   0x000006a8       0x30 ../sha256_bsp/\libhal_bsp.a(alt_release_fd.o)
 .debug_frame   0x000006d8       0x2c ../sha256_bsp/\libhal_bsp.a(altera_nios2_qsys_irq.o)
 .debug_frame   0x00000704       0x2c ../sha256_bsp/\libhal_bsp.a(alt_find_dev.o)
 .debug_frame   0x00000730       0x2c ../sha256_bsp/\libhal_bsp.a(alt_find_file.o)
 .debug_frame   0x0000075c       0x30 ../sha256_bsp/\libhal_bsp.a(alt_get_fd.o)
 .debug_frame   0x0000078c       0x20 d:/quartus/nios2eds/bin/gnu/h-i686-mingw32/bin/../lib/gcc/nios2-elf/4.1.2/../../../../nios2-elf/lib/mno-hw-mul\libsmallc.a(lib_a-atexit.o)
 .debug_frame   0x000007ac       0x2c d:/quartus/nios2eds/bin/gnu/h-i686-mingw32/bin/../lib/gcc/nios2-elf/4.1.2/../../../../nios2-elf/lib/mno-hw-mul\libsmallc.a(lib_a-exit.o)
 .debug_frame   0x000007d8       0x20 d:/quartus/nios2eds/bin/gnu/h-i686-mingw32/bin/../lib/gcc/nios2-elf/4.1.2/../../../../nios2-elf/lib/mno-hw-mul\libsmallc.a(lib_a-memcmp.o)
 .debug_frame   0x000007f8       0x34 d:/quartus/nios2eds/bin/gnu/h-i686-mingw32/bin/../lib/gcc/nios2-elf/4.1.2/../../../../nios2-elf/lib/mno-hw-mul\libsmallc.a(lib_a-__atexit.o)
 .debug_frame   0x0000082c       0x4c d:/quartus/nios2eds/bin/gnu/h-i686-mingw32/bin/../lib/gcc/nios2-elf/4.1.2/../../../../nios2-elf/lib/mno-hw-mul\libsmallc.a(lib_a-__call_atexit.o)
 .debug_frame   0x00000878       0x48 ../sha256_bsp/\libhal_bsp.a(alt_exit.o)

.debug_str      0x00000000      0xe16
 *(.debug_str)
 .debug_str     0x00000000       0x12 obj/default/hello_world.o
 .debug_str     0x00000012      0x406 d:/quartus/nios2eds/bin/gnu/h-i686-mingw32/bin/../lib/gcc/nios2-elf/4.1.2/../../../../nios2-elf/lib/mno-hw-mul\libsmallc.a(lib_a-printf.o)
                                0x466 (size before relaxing)
 .debug_str     0x00000418       0x51 d:/quartus/nios2eds/bin/gnu/h-i686-mingw32/bin/../lib/gcc/nios2-elf/4.1.2/../../../../nios2-elf/lib/mno-hw-mul\libsmallc.a(lib_a-putchar.o)
                                0x452 (size before relaxing)
 .debug_str     0x00000469       0x48 d:/quartus/nios2eds/bin/gnu/h-i686-mingw32/bin/../lib/gcc/nios2-elf/4.1.2/../../../../nios2-elf/lib/mno-hw-mul\libsmallc.a(lib_a-puts.o)
                                0x450 (size before relaxing)
 .debug_str     0x000004b1       0xe2 d:/quartus/nios2eds/bin/gnu/h-i686-mingw32/bin/../lib/gcc/nios2-elf/4.1.2/../../../../nios2-elf/lib/mno-hw-mul\libsmallc.a(lib_a-strlen.o)
                                0x184 (size before relaxing)
 .debug_str     0x00000593      0x168 d:/quartus/nios2eds/bin/gnu/h-i686-mingw32/bin/../lib/gcc/nios2-elf/4.1.2/../../../../nios2-elf/lib/mno-hw-mul\libsmallc.a(lib_a-vfprintf.o)
                                0x5af (size before relaxing)
 .debug_str     0x000006fb       0x70 d:/quartus/nios2eds/bin/gnu/h-i686-mingw32/bin/../lib/gcc/nios2-elf/4.1.2/../../../../nios2-elf/lib/mno-hw-mul\libsmallc.a(lib_a-fvwrite_small_dev.o)
                                0x46a (size before relaxing)
 .debug_str     0x0000076b       0xf8 d:/quartus/nios2eds/bin/gnu/h-i686-mingw32/bin/../lib/gcc/nios2-elf/4.1.2/../../../../nios2-elf/lib/mno-hw-mul\libsmallc.a(lib_a-impure.o)
                                0x45d (size before relaxing)
 .debug_str     0x00000863       0x4f d:/quartus/nios2eds/bin/gnu/h-i686-mingw32/bin/../lib/gcc/nios2-elf/4.1.2/../../../../nios2-elf/lib/mno-hw-mul\libsmallc.a(lib_a-putc.o)
                                0x455 (size before relaxing)
 .debug_str     0x000008b2       0x4f d:/quartus/nios2eds/bin/gnu/h-i686-mingw32/bin/../lib/gcc/nios2-elf/4.1.2/../../../../nios2-elf/lib/mno-hw-mul\libsmallc.a(lib_a-writer.o)
                                0x451 (size before relaxing)
 .debug_str     0x00000901       0x40 d:/quartus/nios2eds/bin/gnu/h-i686-mingw32/bin/../lib/gcc/nios2-elf/4.1.2/../../../../nios2-elf/lib/mno-hw-mul\libsmallc.a(lib_a-int_errno.o)
                                0x177 (size before relaxing)
 .debug_str     0x00000941      0x10b d:/quartus/nios2eds/bin/gnu/h-i686-mingw32/bin/../lib/gcc/nios2-elf/4.1.2/mno-hw-mul\libgcc.a(lib2-divmod.o)
                                0x1b4 (size before relaxing)
 .debug_str     0x00000a4c       0x37 d:/quartus/nios2eds/bin/gnu/h-i686-mingw32/bin/../lib/gcc/nios2-elf/4.1.2/mno-hw-mul\libgcc.a(lib2-mul.o)
                                0x175 (size before relaxing)
 .debug_str     0x00000a83       0x12 ../sha256_bsp/\libhal_bsp.a(alt_load.o)
 .debug_str     0x00000a95       0x12 ../sha256_bsp/\libhal_bsp.a(alt_main.o)
 .debug_str     0x00000aa7       0x12 ../sha256_bsp/\libhal_bsp.a(alt_write.o)
 .debug_str     0x00000ab9       0x12 ../sha256_bsp/\libhal_bsp.a(alt_sys_init.o)
 .debug_str     0x00000acb       0x12 ../sha256_bsp/\libhal_bsp.a(altera_avalon_jtag_uart_read.o)
 .debug_str     0x00000add       0x12 ../sha256_bsp/\libhal_bsp.a(altera_avalon_jtag_uart_write.o)
 .debug_str     0x00000aef       0x12 ../sha256_bsp/\libhal_bsp.a(alt_close.o)
 .debug_str     0x00000b01       0x12 ../sha256_bsp/\libhal_bsp.a(alt_dcache_flush_all.o)
 .debug_str     0x00000b13       0x12 ../sha256_bsp/\libhal_bsp.a(alt_dev.o)
 .debug_str     0x00000b25       0x12 ../sha256_bsp/\libhal_bsp.a(alt_dev_llist_insert.o)
 .debug_str     0x00000b37       0x12 ../sha256_bsp/\libhal_bsp.a(alt_errno.o)
 .debug_str     0x00000b49       0x12 ../sha256_bsp/\libhal_bsp.a(alt_icache_flush_all.o)
 .debug_str     0x00000b5b       0x12 ../sha256_bsp/\libhal_bsp.a(alt_io_redirect.o)
 .debug_str     0x00000b6d       0x12 ../sha256_bsp/\libhal_bsp.a(alt_open.o)
 .debug_str     0x00000b7f       0x12 ../sha256_bsp/\libhal_bsp.a(altera_nios2_qsys_irq.o)
 .debug_str     0x00000b91       0x12 ../sha256_bsp/\libhal_bsp.a(alt_find_dev.o)
 .debug_str     0x00000ba3       0x12 ../sha256_bsp/\libhal_bsp.a(alt_find_file.o)
 .debug_str     0x00000bb5       0x12 ../sha256_bsp/\libhal_bsp.a(alt_get_fd.o)
 .debug_str     0x00000bc7       0xdb d:/quartus/nios2eds/bin/gnu/h-i686-mingw32/bin/../lib/gcc/nios2-elf/4.1.2/../../../../nios2-elf/lib/mno-hw-mul\libsmallc.a(lib_a-atexit.o)
                                0x1e5 (size before relaxing)
 .debug_str     0x00000ca2       0x41 d:/quartus/nios2eds/bin/gnu/h-i686-mingw32/bin/../lib/gcc/nios2-elf/4.1.2/../../../../nios2-elf/lib/mno-hw-mul\libsmallc.a(lib_a-exit.o)
                                0x178 (size before relaxing)
 .debug_str     0x00000ce3       0x45 d:/quartus/nios2eds/bin/gnu/h-i686-mingw32/bin/../lib/gcc/nios2-elf/4.1.2/../../../../nios2-elf/lib/mno-hw-mul\libsmallc.a(lib_a-memcmp.o)
                                0x17e (size before relaxing)
 .debug_str     0x00000d28       0x54 d:/quartus/nios2eds/bin/gnu/h-i686-mingw32/bin/../lib/gcc/nios2-elf/4.1.2/../../../../nios2-elf/lib/mno-hw-mul\libsmallc.a(lib_a-__atexit.o)
                                0x467 (size before relaxing)
 .debug_str     0x00000d7c       0x7e d:/quartus/nios2eds/bin/gnu/h-i686-mingw32/bin/../lib/gcc/nios2-elf/4.1.2/../../../../nios2-elf/lib/mno-hw-mul\libsmallc.a(lib_a-__call_atexit.o)
                                0x491 (size before relaxing)
 .debug_str     0x00000dfa       0x1c ../sha256_bsp/\libhal_bsp.a(alt_exit.o)

.debug_loc      0x00000000     0x18d0
 *(.debug_loc)
 .debug_loc     0x00000000       0x81 obj/default/hello_world.o
 .debug_loc     0x00000081       0x8d d:/quartus/nios2eds/bin/gnu/h-i686-mingw32/bin/../lib/gcc/nios2-elf/4.1.2/../../../../nios2-elf/lib/mno-hw-mul\libsmallc.a(lib_a-printf.o)
 .debug_loc     0x0000010e       0x44 d:/quartus/nios2eds/bin/gnu/h-i686-mingw32/bin/../lib/gcc/nios2-elf/4.1.2/../../../../nios2-elf/lib/mno-hw-mul\libsmallc.a(lib_a-putchar.o)
 .debug_loc     0x00000152       0xa2 d:/quartus/nios2eds/bin/gnu/h-i686-mingw32/bin/../lib/gcc/nios2-elf/4.1.2/../../../../nios2-elf/lib/mno-hw-mul\libsmallc.a(lib_a-puts.o)
 .debug_loc     0x000001f4       0x1e d:/quartus/nios2eds/bin/gnu/h-i686-mingw32/bin/../lib/gcc/nios2-elf/4.1.2/../../../../nios2-elf/lib/mno-hw-mul\libsmallc.a(lib_a-strlen.o)
 .debug_loc     0x00000212      0x878 d:/quartus/nios2eds/bin/gnu/h-i686-mingw32/bin/../lib/gcc/nios2-elf/4.1.2/../../../../nios2-elf/lib/mno-hw-mul\libsmallc.a(lib_a-vfprintf.o)
 .debug_loc     0x00000a8a      0x162 d:/quartus/nios2eds/bin/gnu/h-i686-mingw32/bin/../lib/gcc/nios2-elf/4.1.2/../../../../nios2-elf/lib/mno-hw-mul\libsmallc.a(lib_a-fvwrite_small_dev.o)
 .debug_loc     0x00000bec       0xd4 d:/quartus/nios2eds/bin/gnu/h-i686-mingw32/bin/../lib/gcc/nios2-elf/4.1.2/../../../../nios2-elf/lib/mno-hw-mul\libsmallc.a(lib_a-putc.o)
 .debug_loc     0x00000cc0       0x97 d:/quartus/nios2eds/bin/gnu/h-i686-mingw32/bin/../lib/gcc/nios2-elf/4.1.2/../../../../nios2-elf/lib/mno-hw-mul\libsmallc.a(lib_a-writer.o)
 .debug_loc     0x00000d57      0x1d2 d:/quartus/nios2eds/bin/gnu/h-i686-mingw32/bin/../lib/gcc/nios2-elf/4.1.2/mno-hw-mul\libgcc.a(lib2-divmod.o)
 .debug_loc     0x00000f29       0x4f d:/quartus/nios2eds/bin/gnu/h-i686-mingw32/bin/../lib/gcc/nios2-elf/4.1.2/mno-hw-mul\libgcc.a(lib2-mul.o)
 .debug_loc     0x00000f78       0x56 ../sha256_bsp/\libhal_bsp.a(alt_load.o)
 .debug_loc     0x00000fce       0x2b ../sha256_bsp/\libhal_bsp.a(alt_main.o)
 .debug_loc     0x00000ff9       0x56 ../sha256_bsp/\libhal_bsp.a(alt_write.o)
 .debug_loc     0x0000104f       0x81 ../sha256_bsp/\libhal_bsp.a(alt_sys_init.o)
 .debug_loc     0x000010d0       0x56 ../sha256_bsp/\libhal_bsp.a(altera_avalon_jtag_uart_fd.o)
 .debug_loc     0x00001126       0x2b ../sha256_bsp/\libhal_bsp.a(altera_avalon_jtag_uart_read.o)
 .debug_loc     0x00001151       0x2b ../sha256_bsp/\libhal_bsp.a(altera_avalon_jtag_uart_write.o)
 .debug_loc     0x0000117c       0x56 ../sha256_bsp/\libhal_bsp.a(alt_close.o)
 .debug_loc     0x000011d2       0x2b ../sha256_bsp/\libhal_bsp.a(alt_dcache_flush_all.o)
 .debug_loc     0x000011fd       0x2b ../sha256_bsp/\libhal_bsp.a(alt_dev.o)
 .debug_loc     0x00001228       0x56 ../sha256_bsp/\libhal_bsp.a(alt_dev_llist_insert.o)
 .debug_loc     0x0000127e       0x2b ../sha256_bsp/\libhal_bsp.a(alt_do_ctors.o)
 .debug_loc     0x000012a9       0x2b ../sha256_bsp/\libhal_bsp.a(alt_do_dtors.o)
 .debug_loc     0x000012d4       0x2b ../sha256_bsp/\libhal_bsp.a(alt_icache_flush_all.o)
 .debug_loc     0x000012ff       0x56 ../sha256_bsp/\libhal_bsp.a(alt_io_redirect.o)
 .debug_loc     0x00001355       0x81 ../sha256_bsp/\libhal_bsp.a(alt_open.o)
 .debug_loc     0x000013d6       0x2b ../sha256_bsp/\libhal_bsp.a(alt_release_fd.o)
 .debug_loc     0x00001401       0x2b ../sha256_bsp/\libhal_bsp.a(altera_nios2_qsys_irq.o)
 .debug_loc     0x0000142c       0x2b ../sha256_bsp/\libhal_bsp.a(alt_find_dev.o)
 .debug_loc     0x00001457       0x2b ../sha256_bsp/\libhal_bsp.a(alt_find_file.o)
 .debug_loc     0x00001482       0x2b ../sha256_bsp/\libhal_bsp.a(alt_get_fd.o)
 .debug_loc     0x000014ad       0x1e d:/quartus/nios2eds/bin/gnu/h-i686-mingw32/bin/../lib/gcc/nios2-elf/4.1.2/../../../../nios2-elf/lib/mno-hw-mul\libsmallc.a(lib_a-atexit.o)
 .debug_loc     0x000014cb       0x3d d:/quartus/nios2eds/bin/gnu/h-i686-mingw32/bin/../lib/gcc/nios2-elf/4.1.2/../../../../nios2-elf/lib/mno-hw-mul\libsmallc.a(lib_a-exit.o)
 .debug_loc     0x00001508       0x70 d:/quartus/nios2eds/bin/gnu/h-i686-mingw32/bin/../lib/gcc/nios2-elf/4.1.2/../../../../nios2-elf/lib/mno-hw-mul\libsmallc.a(lib_a-memcmp.o)
 .debug_loc     0x00001578      0x141 d:/quartus/nios2eds/bin/gnu/h-i686-mingw32/bin/../lib/gcc/nios2-elf/4.1.2/../../../../nios2-elf/lib/mno-hw-mul\libsmallc.a(lib_a-__atexit.o)
 .debug_loc     0x000016b9      0x1c1 d:/quartus/nios2eds/bin/gnu/h-i686-mingw32/bin/../lib/gcc/nios2-elf/4.1.2/../../../../nios2-elf/lib/mno-hw-mul\libsmallc.a(lib_a-__call_atexit.o)
 .debug_loc     0x0000187a       0x56 ../sha256_bsp/\libhal_bsp.a(alt_exit.o)

.debug_macinfo
 *(.debug_macinfo)

.debug_weaknames
 *(.debug_weaknames)

.debug_funcnames
 *(.debug_funcnames)

.debug_typenames
 *(.debug_typenames)

.debug_varnames
 *(.debug_varnames)

.debug_alt_sim_info
                0x00000000       0x10
 *(.debug_alt_sim_info)
 .debug_alt_sim_info
                0x00000000       0x10 ../sha256_bsp//obj/HAL/src/crt0.o
                0x00010000                __alt_data_end = 0x10000
                0x00010000                PROVIDE (__alt_stack_pointer, __alt_data_end)
                0x0000ada4                PROVIDE (__alt_stack_limit, __alt_stack_base)
                0x0000ada4                PROVIDE (__alt_heap_start, end)
                0x00010000                PROVIDE (__alt_heap_limit, 0x10000)
OUTPUT(sha256.elf elf32-littlenios2)

.debug_ranges   0x00000000      0x178
 .debug_ranges  0x00000000       0x20 ../sha256_bsp//obj/HAL/src/crt0.o
 .debug_ranges  0x00000020      0x140 d:/quartus/nios2eds/bin/gnu/h-i686-mingw32/bin/../lib/gcc/nios2-elf/4.1.2/../../../../nios2-elf/lib/mno-hw-mul\libsmallc.a(lib_a-vfprintf.o)
 .debug_ranges  0x00000160       0x18 d:/quartus/nios2eds/bin/gnu/h-i686-mingw32/bin/../lib/gcc/nios2-elf/4.1.2/../../../../nios2-elf/lib/mno-hw-mul\libsmallc.a(lib_a-__call_atexit.o)
