------------------------------------------------------------
TimeQuest Timing Analyzer Summary
------------------------------------------------------------

Type  : Slow Model Setup 'clk'
Slack : -0.876
TNS   : -31.328

Type  : Slow Model Setup 'STN_from_comp'
Slack : -0.667
TNS   : -2.309

Type  : Slow Model Hold 'STN_from_comp'
Slack : 0.391
TNS   : 0.000

Type  : Slow Model Hold 'clk'
Slack : 0.391
TNS   : 0.000

Type  : Slow Model Minimum Pulse Width 'clk'
Slack : -1.380
TNS   : -42.380

Type  : Slow Model Minimum Pulse Width 'STN_from_comp'
Slack : -1.380
TNS   : -7.380

Type  : Fast Model Setup 'clk'
Slack : 0.060
TNS   : 0.000

Type  : Fast Model Setup 'STN_from_comp'
Slack : 0.264
TNS   : 0.000

Type  : Fast Model Hold 'STN_from_comp'
Slack : 0.215
TNS   : 0.000

Type  : Fast Model Hold 'clk'
Slack : 0.215
TNS   : 0.000

Type  : Fast Model Minimum Pulse Width 'clk'
Slack : -1.380
TNS   : -42.380

Type  : Fast Model Minimum Pulse Width 'STN_from_comp'
Slack : -1.380
TNS   : -7.380

------------------------------------------------------------
